

HI-TECH Software PICC Macro Assembler V9.60PL2
                                                      Mon Feb 09 13:10:37 2009


     1                           	processor	16F690
     2                           	opt	pw 79
     3                           	psect	text0,local,class=CODE,delta=2
     4                           	psect	config,global,class=CONFIG,delta=2
     5                           	psect	text1,local,class=CODE,delta=2
     6                           	psect	text2,local,class=CODE,delta=2
     7                           	psect	text3,local,class=CODE,delta=2
     8                           	psect	text4,local,class=CODE,delta=2
     9                           	psect	text5,local,class=CODE,delta=2
    10                           	psect	text6,local,class=CODE,delta=2
    11                           	psect	text7,local,class=CODE,delta=2
    12  0000                     
    13  0000                     
    14  0000                     
    15  0000                     
    16  0000                     
    17  0000                     
    18  0000                     
    19  0000                     
    20  0000                     
    21  0000                     	;#
    22                           
    23                           	psect	text0
    24  07C5                     _Delay_1S
    25                           ;	_counter assigned to ?a_Delay_1S+0
    26  0000                     _Delay_1S$counter	set	?a_Delay_1S
    27                           ;GPIO_Lab3.c: 74: void Delay_1S(void)
    28  07C5  0183               	clrf	3	;select bank 0
    29  07C6  01A0               	clrf	?a_Delay_1S
    30                           ;GPIO_Lab3.c: 79: while(counter <= 15)
    31  07C7  2FCD               	goto	l2
    32  07C8                     l3
    33                           ;GPIO_Lab3.c: 80: {
    34  07C8  110B               	bcf	11,2
    35                           ;GPIO_Lab3.c: 84: TMR0 = 0;
    36  07C9  0181               	clrf	1	;volatile
    37                           ;GPIO_Lab3.c: 86: while (T0IF == 0);
    38  07CA                     l5
    39  07CA  1D0B               	btfss	11,2
    40  07CB  2FCA               	goto	l5
    41                           ;GPIO_Lab3.c: 87: ++counter;
    42  07CC  0AA0               	incf	?a_Delay_1S
    43  07CD                     l2
    44  07CD  3010               	movlw	16
    45  07CE  0220               	subwf	?a_Delay_1S,w
    46  07CF  1803               	btfsc	3,0
    47  07D0  0008               	return
    48  07D1  2FC8               	goto	l3
    49                           
    50                           	psect	config
    51  2007  30D4               	dw	12500	;#
    52                           
    53                           	psect	text1
    54  07C1                     _main
    55                           ;GPIO_Lab3.c: 104: void main(void)
    56  07C1  27E4               	call	_Initialize
    57  07C2                     l10
    58                           ;GPIO_Lab3.c: 107: while(1)
    59                           ;GPIO_Lab3.c: 108: {
    60  07C2  27D2               	call	_Do_Outputs
    61                           ;GPIO_Lab3.c: 110: Timing();
    62                           ;GPIO_Lab3.c: 206: void Timing(void)
    63  07C3  27C5               	call	_Delay_1S
    64                           ;GPIO_Lab3.c: 210: }
    65  07C4  2FC2               	goto	l10
    66                           
    67                           	psect	text2
    68  07E4                     _Initialize
    69                           ;GPIO_Lab3.c: 123: void Initialize(void)
    70  07E4  30FF               	movlw	-1
    71  07E5  0183               	clrf	3	;select bank 0
    72  07E6  0087               	movwf	7	;volatile
    73                           ;GPIO_Lab3.c: 128: ANS4 = 0;
    74  07E7  1703               	bsf	3,6
    75  07E8  121E               	bcf	30,4
    76                           ;GPIO_Lab3.c: 129: ANS5 = 0;
    77  07E9  129E               	bcf	30,5
    78                           ;GPIO_Lab3.c: 130: ANS6 = 0;
    79  07EA  131E               	bcf	30,6
    80                           ;GPIO_Lab3.c: 131: ANS7 = 0;
    81  07EB  139E               	bcf	30,7
    82                           ;GPIO_Lab3.c: 132: ANS8 = 0;
    83  07EC  101F               	bcf	31,0
    84                           ;GPIO_Lab3.c: 133: ANS9 = 0;
    85  07ED  109F               	bcf	31,1
    86                           ;GPIO_Lab3.c: 136: TRISC0 = 0;
    87  07EE  1683               	bsf	3,5
    88  07EF  1303               	bcf	3,6	;carry unused
    89  07F0  1007               	bcf	7,0
    90                           ;GPIO_Lab3.c: 137: TRISC1 = 0;
    91  07F1  1087               	bcf	7,1
    92                           ;GPIO_Lab3.c: 138: TRISC2 = 0;
    93  07F2  1107               	bcf	7,2
    94                           ;GPIO_Lab3.c: 139: TRISC3 = 0;
    95  07F3  1187               	bcf	7,3
    96                           ;GPIO_Lab3.c: 140: TRISC4 = 0;
    97  07F4  1207               	bcf	7,4
    98                           ;GPIO_Lab3.c: 141: TRISC5 = 0;
    99  07F5  1287               	bcf	7,5
   100                           ;GPIO_Lab3.c: 142: TRISC6 = 0;
   101  07F6  1307               	bcf	7,6
   102                           ;GPIO_Lab3.c: 143: TRISC7 = 0;
   103  07F7  1387               	bcf	7,7
   104                           ;GPIO_Lab3.c: 145: T0CS = 0;
   105  07F8  1281               	bcf	1,5
   106                           ;GPIO_Lab3.c: 147: T0SE = 0;
   107  07F9  1201               	bcf	1,4
   108                           ;GPIO_Lab3.c: 149: PSA = 0;
   109  07FA  1181               	bcf	1,3
   110                           ;GPIO_Lab3.c: 153: PS0 = 1;
   111  07FB  1401               	bsf	1,0
   112                           ;GPIO_Lab3.c: 154: PS1 = 1;
   113  07FC  1481               	bsf	1,1
   114                           ;GPIO_Lab3.c: 155: PS2 = 1;
   115  07FD  1501               	bsf	1,2
   116                           ;GPIO_Lab3.c: 156: }
   117  07FE  1283               	bcf	3,5
   118  07FF  0008               	return	;W free
   119                           
   120                           	psect	text3
   121  07BF                     _Get_Inputs
   122                           ;GPIO_Lab3.c: 164: void Get_Inputs(void)
   123  07BF  0183               	clrf	3	;select bank 0
   124  07C0  0008               	return	;W free
   125                           
   126                           	psect	text4
   127  07BD                     _Decide
   128                           ;GPIO_Lab3.c: 176: void Decide(void)
   129  07BD  0183               	clrf	3	;select bank 0
   130  07BE  0008               	return	;W free
   131                           
   132                           	psect	text5
   133  07D2                     _Do_Outputs
   134                           ;GPIO_Lab3.c: 188: void Do_Outputs(void)
   135  07D2  0183               	clrf	3	;select bank 0
   136  07D3  3001               	movlw	1
   137  07D4  0687               	xorwf	7
   138                           ;GPIO_Lab3.c: 191: RC1 ^= 1;
   139  07D5  3002               	movlw	2
   140  07D6  0687               	xorwf	7
   141                           ;GPIO_Lab3.c: 192: RC2 ^= 1;
   142  07D7  3004               	movlw	4
   143  07D8  0687               	xorwf	7
   144                           ;GPIO_Lab3.c: 193: RC3 ^= 1;
   145  07D9  3008               	movlw	8
   146  07DA  0687               	xorwf	7
   147                           ;GPIO_Lab3.c: 194: RC4 ^= 1;
   148  07DB  3010               	movlw	16
   149  07DC  0687               	xorwf	7
   150                           ;GPIO_Lab3.c: 195: RC5 ^= 1;
   151  07DD  3020               	movlw	32
   152  07DE  0687               	xorwf	7
   153                           ;GPIO_Lab3.c: 196: RC6 ^= 1;
   154  07DF  3040               	movlw	64
   155  07E0  0687               	xorwf	7
   156                           ;GPIO_Lab3.c: 197: RC7 ^= 1;
   157  07E1  3080               	movlw	128
   158  07E2  0687               	xorwf	7
   159                           ;GPIO_Lab3.c: 198: }
   160  07E3  0008               	return	;W free
   161                           
   162                           	psect	text6
   163  07BB                     _Timing
   164                           ;GPIO_Lab3.c: 206: void Timing(void)
   165  07BB  27C5               	call	_Delay_1S
   166                           ;GPIO_Lab3.c: 210: }
   167  07BC                     l16
   168  07BC  0008               	return	;W free
   169                           
   170                           	psect	text7
   171  0000                     
   172  0000                     
   173  0000                     
   174  0000                     
   175  0000                     
   176  0000                     
   177  0000                     
   178  0000                     
   179  0000                     
   180  0000                     
   181  0000                     
   182  0000                     
   183  0000                     
   184  0000                     
   185  0000                     
   186  0000                     
   187  0000                     
   188  0000                     
   189  0000                     
   190  0000                     
   191  0000                     
   192  0000                     
   193  0000                     
   194  0000                     
   195  0000                     
   196  0000                     
   197  0000                     
   198  0000                     
   199  0000                     
   200  0000                     
   201  0000                     
   202  0000                     
   203  0000                     
   204  0000                     
   205  0000                     
   206  0000                     
   207  0000                     
   208  0000                     
   209  0000                     
   210  0000                     
   211  0000                     
   212  0000                     
   213  0000                     
   214  0000                     
   215  0000                     
   216  0000                     
   217  0000                     
   218  0000                     
   219  0000                     
   220  0000                     
   221  0000                     
   222  0000                     
   223  0000                     
   224  0000                     
   225  0000                     
   226  0000                     
   227  0000                     
   228  0000                     
   229  0000                     
   230  0000                     
   231  0000                     
   232  0000                     
   233  0000                     
   234  0000                     
   235  0000                     
   236  0000                     
   237  0000                     
   238  0000                     
   239  0000                     
   240  0000                     
   241  0000                     
   242  0000                     
   243  0000                     
   244  0000                     
   245  0000                     
   246  0000                     
   247  0000                     
   248  0000                     
   249  0000                     
   250  0000                     
   251  0000                     
   252  0000                     
   253  0000                     
   254  0000                     
   255  0000                     
   256  0000                     
   257  0000                     
   258  0000                     
   259  0000                     
   260  0000                     
   261  0000                     
   262  0000                     
   263  0000                     
   264  0000                     
   265  0000                     
   266  0000                     
   267  0000                     
   268  0000                     
   269  0000                     
   270  0000                     
   271  0000                     
   272  0000                     
   273  0000                     
   274  0000                     
   275  0000                     
   276  0000                     
   277  0000                     
   278  0000                     
   279  0000                     
   280  0000                     
   281  0000                     
   282  0000                     
   283  0000                     
   284  0000                     
   285  0000                     
   286  0000                     
   287  0000                     
   288  0000                     
   289  0000                     
   290  0000                     
   291  0000                     
   292  0000                     
   293  0000                     
   294  0000                     
   295  0000                     
   296  0000                     
   297  0000                     
   298  0000                     
   299  0000                     
   300  0000                     
   301  0000                     
   302  0000                     
   303  0000                     
   304  0000                     
   305  0000                     
   306  0000                     
   307  0000                     
   308  0000                     
   309  0000                     
   310  0000                     
   311  0000                     
   312  0000                     
   313  0000                     
   314  0000                     
   315  0000                     
   316  0000                     
   317  0000                     
   318  0000                     
   319  0000                     
   320  0000                     
   321  0000                     
   322  0000                     
   323  0000                     
   324  0000                     
   325  0000                     
   326  0000                     
   327  0000                     
   328  0000                     
   329  0000                     
   330  0000                     
   331  0000                     
   332  0000                     
   333  0000                     
   334  0000                     
   335  0000                     
   336  0000                     
   337  0000                     
   338  0000                     
   339  0000                     
   340  0000                     
   341  0000                     
   342  0000                     
   343  0000                     
   344  0000                     
   345  0000                     
   346  0000                     
   347  0000                     
   348  0000                     
   349  0000                     
   350  0000                     
   351  0000                     
   352  0000                     
   353  0000                     
   354  0000                     
   355  0000                     
   356  0000                     
   357  0000                     
   358  0000                     
   359  0000                     
   360  0000                     
   361  0000                     
   362  0000                     
   363  0000                     
   364  0000                     
   365  0000                     
   366  0000                     
   367  0000                     
   368  0000                     
   369  0000                     
   370  0000                     
   371  0000                     
   372  0000                     
   373  0000                     
   374  0000                     
   375  0000                     
   376  0000                     
   377  0000                     
   378  0000                     
   379  0000                     
   380  0000                     
   381  0000                     
   382  0000                     
   383  0000                     
   384  0000                     
   385  0000                     
   386  0000                     
   387  0000                     
   388  0000                     
   389  0000                     
   390  0000                     
   391  0000                     
   392  0000                     
   393  0000                     
   394  0000                     
   395  0000                     
   396  0000                     
   397  0000                     
   398  0000                     
   399  0000                     
   400  0000                     
   401  0000                     
   402  0000                     
   403  0000                     
   404  0000                     
   405  0000                     
   406  0000                     
   407  0000                     
   408  0000                     
   409  0000                     
   410  0000                     
   411  0000                     
   412  0000                     
   413  0000                     
   414  0000                     
   415  0000                     
   416  0000                     
   417  0000                     
   418  0000                     
   419  0000                     
   420  0000                     
   421  0000                     
   422  0000                     
   423  0000                     
   424  0000                     
   425  0000                     
   426  0000                     
   427  0000                     
   428  0000                     
   429  0000                     
   430  0000                     
   431  0000                     
   432  0000                     
   433  0000                     
   434  0000                     
   435  0000                     
   436  0000                     
   437  0000                     
   438  0000                     
   439  0000                     
   440  0000                     
   441  0000                     
   442  0000                     
   443  0000                     
   444  0000                     
   445  0000                     
   446  0000                     
   447  0000                     
   448  0000                     
   449  0000                     
   450  0000                     
   451  0000                     
   452  0000                     
   453  0000                     
   454  0000                     
   455  0000                     
   456  0000                     
   457  0000                     
   458  0000                     
   459  0000                     
   460  0000                     
   461  0000                     
   462  0000                     
   463  0000                     
   464  0000                     
   465  0000                     
   466  0000                     
   467  0000                     
   468  0000                     
   469  0000                     
   470  0000                     
   471  0000                     
   472  0000                     
   473  0000                     
   474  0000                     
   475  0000                     
   476  0000                     
   477  0000                     
   478  0000                     
   479  0000                     
   480  0000                     
   481  0000                     
   482  0000                     
   483  0000                     
   484  0000                     
   485  0000                     
   486  0000                     
   487  0000                     
   488  0000                     
   489  0000                     
   490  0000                     
   491  0000                     
   492  0000                     
   493  0000                     
   494  0000                     
   495  0000                     
   496  0000                     
   497  0000                     
   498  0000                     
   499  0000                     
   500  0000                     
   501  0000                     
   502  0000                     
   503  0000                     
   504  0000                     
   505  0000                     
   506  0000                     
   507  0000                     
   508  0000                     
   509  0000                     
   510  0000                     
   511  0000                     
   512  0000                     
   513  0000                     
   514  0000                     
   515  0000                     
   516  0000                     
   517  0000                     
   518  0000                     
   519  0000                     
   520  0000                     
   521  0000                     
   522  0000                     


HI-TECH Software PICC Macro Assembler V9.60PL2
Symbol Table                                          Mon Feb 09 13:10:37 2009

      _Initialize 07E4        ?a_Delay_1S 0020                 l2 07CD  
               l3 07C8                 l5 07CA                l10 07C2  
          _Decide 07BD            _Timing 07BB              _main 07C1  
            start 0000        _Do_Outputs 07D2          _Delay_1S 07C5  
      _Get_Inputs 07BF             status 0003  
