

HI-TECH Software PICC Macro Assembler V9.60PL2
                                                      Mon Feb 09 13:45:41 2009


     1                           	processor	16F690
     2                           	opt	pw 79
     3                           	psect	text0,local,class=CODE,delta=2
     4                           	psect	config,global,class=CONFIG,delta=2
     5                           	psect	text1,local,class=CODE,delta=2
     6                           	psect	intcode,global,class=CODE,delta=2
     7                           	psect	intsave_0,global,ovrld,class=COMBANK,spa
      +                          ce=1,delta=1
     8                           	psect	intret,global,class=CODE,delta=2
     9                           	psect	intentry,global,class=CODE,delta=2
    10                           	psect	intsave,global,class=BANK0,space=1,delta
      +                          =1
    11                           	psect	text2,local,class=CODE,delta=2
    12                           	psect	text3,local,class=CODE,delta=2
    13                           	psect	text4,local,class=CODE,delta=2
    14                           	psect	text5,local,class=CODE,delta=2
    15                           	psect	text6,local,class=CODE,delta=2
    16                           	psect	text7,local,class=CODE,delta=2
    17                           	psect	text8,local,class=CODE,delta=2
    18                           	psect	rbit_0,global,bit,class=BANK0,space=1,de
      +                          lta=1
    19                           	psect	rbss_0,global,class=BANK0,space=1,delta=
      +                          1
    20  0000                     
    21  0000                     
    22  0000                     
    23  0000                     
    24  0000                     
    25  0000                     
    26  0000                     
    27  0000                     
    28  0000                     
    29  0000                     	;#
    30                           
    31                           	psect	text0
    32  0079                     _Delay_5mS
    33                           ;GPIO_Lab6.c: 75: void Delay_5mS(void)
    34  0079  110B               	bcf	11,2
    35                           ;GPIO_Lab6.c: 80: TMR0 = 100;
    36  007A  3064               	movlw	100
    37  007B  1283               	bcf	3,5
    38  007C  1303               	bcf	3,6	;carry unused
    39  007D  0081               	movwf	1	;volatile
    40                           ;GPIO_Lab6.c: 82: while (T0IF == 0);
    41  007E                     l2
    42  007E  190B               	btfsc	11,2
    43  007F  0008               	return
    44  0080  287E               	goto	l2
    45                           
    46                           	psect	config
    47  2007  30D4               	dw	12500	;#
    48                           
    49                           	psect	intcode
    50  0008                     _PB_PressISR
    51  0008                     int_func
    52                           ;GPIO_Lab6.c: 95: void interrupt PB_PressISR(vo
      +                          id)
    53  0008  1A0B               	btfsc	11,4
    54  0009  1C8B               	btfss	11,1
    55  000A  280C               	goto	l6
    56  000B  108B               	bcf	11,1
    57  000C                     l6
    58                           ;GPIO_Lab6.c: 104: if(RA2 == 0)
    59  000C  1283               	bcf	3,5
    60  000D  1303               	bcf	3,6	;carry unused
    61  000E  1905               	btfsc	5,2
    62  000F  2816               	goto	l7
    63                           ;GPIO_Lab6.c: 105: {
    64  0010  2079               	call	_Delay_5mS
    65                           ;GPIO_Lab6.c: 111: if(RA2 == 0) direction ^= 1;
    66  0011  1905               	btfsc	5,2
    67  0012  2819               	goto	l5
    68  0013  3001               	movlw	(0+1) shl (_direction& (0+7))
    69  0014  06A0               	xorwf	_direction/(0+8)
    70                           ;GPIO_Lab6.c: 112: }
    71  0015  2819               	goto	l5
    72  0016                     l7
    73                           ;GPIO_Lab6.c: 115: else direction = direction;
    74  0016  1C20               	btfss	_direction/(0+8),_direction& (0+7)
    75  0017  2819               	goto	l5
    76  0018  1420               	bsf	_direction/(0+8),_direction& (0+7)
    77                           ;GPIO_Lab6.c: 116: }
    78  0019                     l5
    79  0019  1303               	bcf	3,6	;carry unused
    80  001A  1283               	bcf	3,5
    81                           
    82                           	psect	intsave_0
    83  007F                     saved_w
                     saved_w
    84  007F                     	ds	1
    85                           
    86                           	psect	intret
    87  001B                     int_restore
    88  001B  0824               	movf	saved_status,w
    89  001C  0083               	movwf	3
    90  001D  0EFF               	swapf	saved_w
    91  001E  0E7F               	swapf	saved_w,w
    92  001F  0009               	retfie
    93                           
    94                           	psect	intentry
    95  0004                     int_entry
    96  0004  00FF               	movwf	saved_w
    97  0005  0803               	movf	3,w
    98  0006  0183               	clrf	3
    99  0007  00A4               	movwf	saved_status
   100                           
   101                           	psect	intsave
   102  0024                     saved_status
                     saved_status
   103  0024                     	ds	1
   104                           
   105                           	psect	text2
   106  0081                     _main
   107                           ;GPIO_Lab6.c: 126: void main(void)
   108  0081  2025               	call	_Initialize
   109  0082                     l12
   110                           ;GPIO_Lab6.c: 129: while(1)
   111                           ;GPIO_Lab6.c: 130: {
   112  0082  2050               	call	_Decide
   113                           ;GPIO_Lab6.c: 132: Do_Outputs();
   114  0083  2086               	call	_Do_Outputs
   115                           ;GPIO_Lab6.c: 133: Timing();
   116  0084  206B               	call	_Timing
   117  0085  2882               	goto	l12
   118                           
   119                           	psect	text3
   120  0025                     _Initialize
   121                           ;GPIO_Lab6.c: 146: void Initialize(void)
   122  0025  3001               	movlw	1
   123  0026  0183               	clrf	3	;select bank 0
   124  0027  0087               	movwf	7	;volatile
   125                           ;GPIO_Lab6.c: 153: PORTA = 0b00000000;
   126  0028  0185               	clrf	5	;volatile
   127                           ;GPIO_Lab6.c: 155: ANS4 = 0;
   128  0029  1703               	bsf	3,6
   129  002A  121E               	bcf	30,4
   130                           ;GPIO_Lab6.c: 156: ANS5 = 0;
   131  002B  129E               	bcf	30,5
   132                           ;GPIO_Lab6.c: 157: ANS6 = 0;
   133  002C  131E               	bcf	30,6
   134                           ;GPIO_Lab6.c: 158: ANS7 = 0;
   135  002D  139E               	bcf	30,7
   136                           ;GPIO_Lab6.c: 159: ANS8 = 0;
   137  002E  101F               	bcf	31,0
   138                           ;GPIO_Lab6.c: 160: ANS9 = 0;
   139  002F  109F               	bcf	31,1
   140                           ;GPIO_Lab6.c: 163: TRISC0 = 0;
   141  0030  1683               	bsf	3,5
   142  0031  1303               	bcf	3,6	;carry unused
   143  0032  1007               	bcf	7,0
   144                           ;GPIO_Lab6.c: 164: TRISC1 = 0;
   145  0033  1087               	bcf	7,1
   146                           ;GPIO_Lab6.c: 165: TRISC2 = 0;
   147  0034  1107               	bcf	7,2
   148                           ;GPIO_Lab6.c: 166: TRISC3 = 0;
   149  0035  1187               	bcf	7,3
   150                           ;GPIO_Lab6.c: 167: TRISC4 = 0;
   151  0036  1207               	bcf	7,4
   152                           ;GPIO_Lab6.c: 168: TRISC5 = 0;
   153  0037  1287               	bcf	7,5
   154                           ;GPIO_Lab6.c: 169: TRISC6 = 0;
   155  0038  1307               	bcf	7,6
   156                           ;GPIO_Lab6.c: 170: TRISC7 = 0;
   157  0039  1387               	bcf	7,7
   158                           ;GPIO_Lab6.c: 172: ANS2 = 0;
   159  003A  1283               	bcf	3,5
   160  003B  1703               	bsf	3,6
   161  003C  111E               	bcf	30,2
   162                           ;GPIO_Lab6.c: 173: TRISA2 = 1;
   163  003D  1683               	bsf	3,5
   164  003E  1303               	bcf	3,6	;carry unused
   165  003F  1505               	bsf	5,2
   166                           ;GPIO_Lab6.c: 175: T0CS = 0;
   167  0040  1281               	bcf	1,5
   168                           ;GPIO_Lab6.c: 176: T0SE = 0;
   169  0041  1201               	bcf	1,4
   170                           ;GPIO_Lab6.c: 177: PSA = 0;
   171  0042  1181               	bcf	1,3
   172                           ;GPIO_Lab6.c: 179: PS0 = 0;
   173  0043  1001               	bcf	1,0
   174                           ;GPIO_Lab6.c: 180: PS1 = 0;
   175  0044  1081               	bcf	1,1
   176                           ;GPIO_Lab6.c: 181: PS2 = 1;
   177  0045  1501               	bsf	1,2
   178                           ;GPIO_Lab6.c: 186: direction = 0;
   179  0046  1283               	bcf	3,5
   180  0047  1020               	bcf	_direction/(0+8),_direction& (0+7)
   181                           ;GPIO_Lab6.c: 188: LED_Output = 0b00000000;
   182  0048  01A1               	clrf	_LED_Output
   183                           ;GPIO_Lab6.c: 190: INTEDG = 0;
   184  0049  1683               	bsf	3,5
   185  004A  1301               	bcf	1,6
   186                           ;GPIO_Lab6.c: 192: INTE = 1;
   187  004B  160B               	bsf	11,4
   188                           ;GPIO_Lab6.c: 193: INTF = 0;
   189  004C  108B               	bcf	11,1
   190                           ;GPIO_Lab6.c: 194: GIE = 1;
   191  004D  178B               	bsf	11,7
   192                           ;GPIO_Lab6.c: 196: }
   193  004E  1283               	bcf	3,5
   194  004F  0008               	return	;W free
   195                           
   196                           	psect	text4
   197  008A                     _Get_Inputs
   198                           ;GPIO_Lab6.c: 204: void Get_Inputs(void)
   199  008A  0183               	clrf	3	;select bank 0
   200  008B  0008               	return	;W free
   201                           
   202                           	psect	text5
   203  0050                     _Decide
   204                           ;GPIO_Lab6.c: 216: void Decide(void)
   205  0050  0183               	clrf	3	;select bank 0
   206  0051  1820               	btfsc	_direction/(0+8),_direction& (0+7)
   207  0052  285F               	goto	l17
   208                           ;GPIO_Lab6.c: 219: {
   209  0053  0B21               	decfsz	_LED_Output,w
   210  0054  2856               	goto	u101
   211  0055  2859               	goto	u120
   212  0056                     u101
   213  0056  08A1               	movf	_LED_Output
   214  0057  1D03               	btfss	3,2
   215  0058  285C               	goto	l18
   216  0059                     u120
   217  0059  3080               	movlw	-128
   218  005A  00A1               	movwf	_LED_Output
   219  005B  0008               	return
   220  005C                     l18
   221                           ;GPIO_Lab6.c: 230: else LED_Output >>=1;
   222  005C  1003               	bcf	3,0
   223  005D  0CA1               	rrf	_LED_Output
   224                           ;GPIO_Lab6.c: 231: }
   225  005E  0008               	return
   226  005F                     l17
   227                           ;GPIO_Lab6.c: 232: else
   228  005F  0821               	movf	_LED_Output,w
   229  0060  3A80               	xorlw	-128
   230  0061  1D03               	btfss	3,2
   231  0062  08A1               	movf	_LED_Output
   232  0063  1D03               	btfss	3,2
   233  0064  2868               	goto	l21
   234  0065  01A1               	clrf	_LED_Output
   235  0066  0AA1               	incf	_LED_Output
   236  0067  0008               	return
   237  0068                     l21
   238                           ;GPIO_Lab6.c: 244: else LED_Output <<=1;
   239  0068  1003               	bcf	3,0
   240  0069  0DA1               	rlf	_LED_Output
   241                           ;GPIO_Lab6.c: 245: }
   242  006A  0008               	return	;W free
   243                           
   244                           	psect	text6
   245  0086                     _Do_Outputs
   246                           ;GPIO_Lab6.c: 255: void Do_Outputs(void)
   247  0086  0183               	clrf	3	;select bank 0
   248  0087  0821               	movf	_LED_Output,w
   249  0088  0087               	movwf	7	;volatile
   250                           ;GPIO_Lab6.c: 260: }
   251  0089  0008               	return	;W free
   252                           
   253                           	psect	text7
   254  006B                     _Timing
   255                           ;	_delay_var assigned to ?a_Timing+0
   256  0000                     _Timing$delay_var	set	?a_Timing
   257                           ;GPIO_Lab6.c: 268: void Timing(void)
   258  006B  300D               	movlw	13
   259  006C  0183               	clrf	3	;select bank 0
   260  006D  00A2               	movwf	?a_Timing
   261  006E  3027               	movlw	39
   262  006F  00A3               	movwf	?a_Timing+1
   263                           ;GPIO_Lab6.c: 274: while(--delay_var);
   264  0070                     l25
   265  0070  30FF               	movlw	-1
   266  0071  07A2               	addwf	?a_Timing
   267  0072  1C03               	btfss	3,0
   268  0073  03A3               	decf	?a_Timing+1
   269  0074  0823               	movf	?a_Timing+1,w
   270  0075  0422               	iorwf	?a_Timing,w
   271  0076  1903               	btfsc	3,2
   272  0077  0008               	return
   273  0078  2870               	goto	l25
   274                           
   275                           	psect	text8
   276  0000                     
   277  0000                     
   278  0000                     
   279  0000                     
   280  0000                     
   281  0000                     
   282  0000                     
   283  0000                     
   284  0000                     
   285  0000                     
   286  0000                     
   287  0000                     
   288  0000                     
   289  0000                     
   290  0000                     
   291  0000                     
   292  0000                     
   293  0000                     
   294  0000                     
   295  0000                     
   296  0000                     
   297  0000                     
   298  0000                     
   299  0000                     
   300  0000                     
   301  0000                     
   302  0000                     
   303  0000                     
   304  0000                     
   305  0000                     
   306  0000                     
   307  0000                     
   308  0000                     
   309  0000                     
   310  0000                     
   311  0000                     
   312  0000                     
   313  0000                     
   314  0000                     
   315  0000                     
   316  0000                     
   317  0000                     
   318  0000                     
   319  0000                     
   320  0000                     
   321  0000                     
   322  0000                     
   323  0000                     
   324  0000                     
   325  0000                     
   326  0000                     
   327  0000                     
   328  0000                     
   329  0000                     
   330  0000                     
   331  0000                     
   332  0000                     
   333  0000                     
   334  0000                     
   335  0000                     
   336  0000                     
   337  0000                     
   338  0000                     
   339  0000                     
   340  0000                     
   341  0000                     
   342  0000                     
   343  0000                     
   344  0000                     
   345  0000                     
   346  0000                     
   347  0000                     
   348  0000                     
   349  0000                     
   350  0000                     
   351  0000                     
   352  0000                     
   353  0000                     
   354  0000                     
   355  0000                     
   356  0000                     
   357  0000                     
   358  0000                     
   359  0000                     
   360  0000                     
   361  0000                     
   362  0000                     
   363  0000                     
   364  0000                     
   365  0000                     
   366  0000                     
   367  0000                     
   368  0000                     
   369  0000                     
   370  0000                     
   371  0000                     
   372  0000                     
   373  0000                     
   374  0000                     
   375  0000                     
   376  0000                     
   377  0000                     
   378  0000                     
   379  0000                     
   380  0000                     
   381  0000                     
   382  0000                     
   383  0000                     
   384  0000                     
   385  0000                     
   386  0000                     
   387  0000                     
   388  0000                     
   389  0000                     
   390  0000                     
   391  0000                     
   392  0000                     
   393  0000                     
   394  0000                     
   395  0000                     
   396  0000                     
   397  0000                     
   398  0000                     
   399  0000                     
   400  0000                     
   401  0000                     
   402  0000                     
   403  0000                     
   404  0000                     
   405  0000                     
   406  0000                     
   407  0000                     
   408  0000                     
   409  0000                     
   410  0000                     
   411  0000                     
   412  0000                     
   413  0000                     
   414  0000                     
   415  0000                     
   416  0000                     
   417  0000                     
   418  0000                     
   419  0000                     
   420  0000                     
   421  0000                     
   422  0000                     
   423  0000                     
   424  0000                     
   425  0000                     
   426  0000                     
   427  0000                     
   428  0000                     
   429  0000                     
   430  0000                     
   431  0000                     
   432  0000                     
   433  0000                     
   434  0000                     
   435  0000                     
   436  0000                     
   437  0000                     
   438  0000                     
   439  0000                     
   440  0000                     
   441  0000                     
   442  0000                     
   443  0000                     
   444  0000                     
   445  0000                     
   446  0000                     
   447  0000                     
   448  0000                     
   449  0000                     
   450  0000                     
   451  0000                     
   452  0000                     
   453  0000                     
   454  0000                     
   455  0000                     
   456  0000                     
   457  0000                     
   458  0000                     
   459  0000                     
   460  0000                     
   461  0000                     
   462  0000                     
   463  0000                     
   464  0000                     
   465  0000                     
   466  0000                     
   467  0000                     
   468  0000                     
   469  0000                     
   470  0000                     
   471  0000                     
   472  0000                     
   473  0000                     
   474  0000                     
   475  0000                     
   476  0000                     
   477  0000                     
   478  0000                     
   479  0000                     
   480  0000                     
   481  0000                     
   482  0000                     
   483  0000                     
   484  0000                     
   485  0000                     
   486  0000                     
   487  0000                     
   488  0000                     
   489  0000                     
   490  0000                     
   491  0000                     
   492  0000                     
   493  0000                     
   494  0000                     
   495  0000                     
   496  0000                     
   497  0000                     
   498  0000                     
   499  0000                     
   500  0000                     
   501  0000                     
   502  0000                     
   503  0000                     
   504  0000                     
   505  0000                     
   506  0000                     
   507  0000                     
   508  0000                     
   509  0000                     
   510  0000                     
   511  0000                     
   512  0000                     
   513  0000                     
   514  0000                     
   515  0000                     
   516  0000                     
   517  0000                     
   518  0000                     
   519  0000                     
   520  0000                     
   521  0000                     
   522  0000                     
   523  0000                     
   524  0000                     
   525  0000                     
   526  0000                     
   527  0000                     
   528  0000                     
   529  0000                     
   530  0000                     
   531  0000                     
   532  0000                     
   533  0000                     
   534  0000                     
   535  0000                     
   536  0000                     
   537  0000                     
   538  0000                     
   539  0000                     
   540  0000                     
   541  0000                     
   542  0000                     
   543  0000                     
   544  0000                     
   545  0000                     
   546  0000                     
   547  0000                     
   548  0000                     
   549  0000                     
   550  0000                     
   551  0000                     
   552  0000                     
   553  0000                     
   554  0000                     
   555  0000                     
   556  0000                     
   557  0000                     
   558  0000                     
   559                           
   560                           	psect	rbit_0
   561  0100                     _direction
                     _direction
   562  0100                     	ds	1
   563  0000                     
   564  0000                     
   565  0000                     
   566  0000                     
   567  0000                     
   568  0000                     
   569  0000                     
   570  0000                     
   571  0000                     
   572  0000                     
   573  0000                     
   574  0000                     
   575  0000                     
   576  0000                     
   577  0000                     
   578  0000                     
   579  0000                     
   580  0000                     
   581  0000                     
   582  0000                     
   583  0000                     
   584  0000                     
   585  0000                     
   586  0000                     
   587  0000                     
   588  0000                     
   589  0000                     
   590                           
   591                           	psect	rbss_0
   592  0021                     _LED_Output
                     _LED_Output
   593  0021                     	ds	1
   594  0000                     
   595  0000                     
   596  0000                     
   597  0000                     
   598  0000                     
   599  0000                     
   600  0000                     
   601  0000                     
   602  0000                     
   603  0000                     
   604  0000                     
   605  0000                     
   606  0000                     
   607  0000                     
   608  0000                     
   609  0000                     
   610  0000                     
   611  0000                     
   612  0000                     
   613  0000                     
   614  0000                     
   615  0000                     
   616  0000                     
   617  0000                     
   618  0000                     
   619  0000                     
   620  0000                     
   621  0000                     
   622  0000                     
   623  0000                     
   624  0000                     
   625  0000                     
   626  0000                     
   627  0000                     
   628  0000                     
   629  0000                     
   630  0000                     
   631  0000                     
   632  0000                     
   633  0000                     
   634  0000                     
   635  0000                     


HI-TECH Software PICC Macro Assembler V9.60PL2
Symbol Table                                          Mon Feb 09 13:45:41 2009

      _Initialize 0025                 l2 007E                 l5 0019  
               l6 000C                 l7 0016          ?a_Timing 0022  
              l12 0082                l21 0068                l25 0070  
              l17 005F                l18 005C               u101 0056  
             u120 0059            _Decide 0050         _direction 0100  
          _Timing 006B         _Delay_5mS 0079              _main 0081  
            start 0020            saved_w 007F        _LED_Output 0021  
        int_entry 0004        _Do_Outputs 0086        _Get_Inputs 008A  
     saved_status 0024             status 0003           int_func 0008  
     _PB_PressISR 0008        int_restore 001B  
