

HI-TECH Software PICC Macro Assembler V9.60PL2
                                                      Wed Feb 11 08:11:36 2009


     1                           	processor	16F690
     2                           	opt	pw 79
     3                           	psect	text0,local,class=CODE,delta=2
     4                           	psect	config,global,class=CONFIG,delta=2
     5                           	psect	text1,local,class=CODE,delta=2
     6                           	psect	text2,local,class=CODE,delta=2
     7                           	psect	text3,local,class=CODE,delta=2
     8                           	psect	text4,local,class=CODE,delta=2
     9                           	psect	text5,local,class=CODE,delta=2
    10                           	psect	text6,local,class=CODE,delta=2
    11  0000                     
    12  0000                     
    13  0000                     
    14  0000                     
    15  0000                     
    16  0000                     
    17  0000                     
    18  0000                     
    19  0000                     
    20  0000                     	;#
    21                           
    22                           	psect	text0
    23  07DE                     _main
    24                           ;GPIO_Lab1.c: 83: void main(void)
    25  07DE  27EB               	call	_Initialize
    26  07DF                     l3
    27                           ;GPIO_Lab1.c: 87: while(1)
    28                           ;GPIO_Lab1.c: 88: {
    29  07DF  27E1               	call	_Do_Outputs
    30  07E0  2FDF               	goto	l3
    31                           
    32                           	psect	config
    33  2007  30D4               	dw	12500	;#
    34                           
    35                           	psect	text1
    36  07EB                     _Initialize
    37                           ;GPIO_Lab1.c: 102: void Initialize(void)
    38  07EB  0183               	clrf	3	;select bank 0
    39  07EC  0187               	clrf	7	;volatile
    40                           ;GPIO_Lab1.c: 107: ANS4 = 0;
    41  07ED  1703               	bsf	3,6
    42  07EE  121E               	bcf	30,4
    43                           ;GPIO_Lab1.c: 108: ANS5 = 0;
    44  07EF  129E               	bcf	30,5
    45                           ;GPIO_Lab1.c: 109: ANS6 = 0;
    46  07F0  131E               	bcf	30,6
    47                           ;GPIO_Lab1.c: 110: ANS7 = 0;
    48  07F1  139E               	bcf	30,7
    49                           ;GPIO_Lab1.c: 111: ANS8 = 0;
    50  07F2  101F               	bcf	31,0
    51                           ;GPIO_Lab1.c: 112: ANS9 = 0;
    52  07F3  109F               	bcf	31,1
    53                           ;GPIO_Lab1.c: 115: TRISC0 = 0;
    54  07F4  1683               	bsf	3,5
    55  07F5  1303               	bcf	3,6	;carry unused
    56  07F6  1007               	bcf	7,0
    57                           ;GPIO_Lab1.c: 116: TRISC1 = 0;
    58  07F7  1087               	bcf	7,1
    59                           ;GPIO_Lab1.c: 117: TRISC2 = 0;
    60  07F8  1107               	bcf	7,2
    61                           ;GPIO_Lab1.c: 118: TRISC3 = 0;
    62  07F9  1187               	bcf	7,3
    63                           ;GPIO_Lab1.c: 119: TRISC4 = 0;
    64  07FA  1207               	bcf	7,4
    65                           ;GPIO_Lab1.c: 120: TRISC5 = 0;
    66  07FB  1287               	bcf	7,5
    67                           ;GPIO_Lab1.c: 121: TRISC6 = 0;
    68  07FC  1307               	bcf	7,6
    69                           ;GPIO_Lab1.c: 122: TRISC7 = 0;
    70  07FD  1387               	bcf	7,7
    71                           ;GPIO_Lab1.c: 123: }
    72  07FE  1283               	bcf	3,5
    73  07FF  0008               	return	;W free
    74                           
    75                           	psect	text2
    76  07DA                     _Get_Inputs
    77                           ;GPIO_Lab1.c: 131: void Get_Inputs(void)
    78  07DA  0183               	clrf	3	;select bank 0
    79  07DB  0008               	return	;W free
    80                           
    81                           	psect	text3
    82  07DC                     _Decide
    83                           ;GPIO_Lab1.c: 143: void Decide(void)
    84  07DC  0183               	clrf	3	;select bank 0
    85  07DD  0008               	return	;W free
    86                           
    87                           	psect	text4
    88  07E1                     _Do_Outputs
    89                           ;GPIO_Lab1.c: 155: void Do_Outputs(void)
    90  07E1  0183               	clrf	3	;select bank 0
    91  07E2  1407               	bsf	7,0
    92                           ;GPIO_Lab1.c: 158: RC1 = 0;
    93  07E3  1087               	bcf	7,1
    94                           ;GPIO_Lab1.c: 159: RC2 = 1;
    95  07E4  1507               	bsf	7,2
    96                           ;GPIO_Lab1.c: 160: RC3 = 1;
    97  07E5  1587               	bsf	7,3
    98                           ;GPIO_Lab1.c: 161: RC4 = 0;
    99  07E6  1207               	bcf	7,4
   100                           ;GPIO_Lab1.c: 162: RC5 = 1;
   101  07E7  1687               	bsf	7,5
   102                           ;GPIO_Lab1.c: 163: RC6 = 0;
   103  07E8  1307               	bcf	7,6
   104                           ;GPIO_Lab1.c: 164: RC7 = 1;
   105  07E9  1787               	bsf	7,7
   106                           ;GPIO_Lab1.c: 165: }
   107  07EA  0008               	return	;W free
   108                           
   109                           	psect	text5
   110  07D8                     _Timing
   111                           ;GPIO_Lab1.c: 173: void Timing(void)
   112  07D8  0183               	clrf	3	;select bank 0
   113  07D9  0008               	return	;W free
   114                           
   115                           	psect	text6
   116  0000                     
   117  0000                     
   118  0000                     
   119  0000                     
   120  0000                     
   121  0000                     
   122  0000                     
   123  0000                     
   124  0000                     
   125  0000                     
   126  0000                     
   127  0000                     
   128  0000                     
   129  0000                     
   130  0000                     
   131  0000                     
   132  0000                     
   133  0000                     
   134  0000                     
   135  0000                     
   136  0000                     
   137  0000                     
   138  0000                     
   139  0000                     
   140  0000                     
   141  0000                     
   142  0000                     
   143  0000                     
   144  0000                     
   145  0000                     
   146  0000                     
   147  0000                     
   148  0000                     
   149  0000                     
   150  0000                     
   151  0000                     
   152  0000                     
   153  0000                     
   154  0000                     
   155  0000                     
   156  0000                     
   157  0000                     
   158  0000                     
   159  0000                     
   160  0000                     
   161  0000                     
   162  0000                     
   163  0000                     
   164  0000                     
   165  0000                     
   166  0000                     
   167  0000                     
   168  0000                     
   169  0000                     
   170  0000                     
   171  0000                     
   172  0000                     
   173  0000                     
   174  0000                     
   175  0000                     
   176  0000                     
   177  0000                     
   178  0000                     
   179  0000                     
   180  0000                     
   181  0000                     
   182  0000                     
   183  0000                     
   184  0000                     
   185  0000                     
   186  0000                     
   187  0000                     
   188  0000                     
   189  0000                     
   190  0000                     
   191  0000                     
   192  0000                     
   193  0000                     
   194  0000                     
   195  0000                     
   196  0000                     
   197  0000                     
   198  0000                     
   199  0000                     
   200  0000                     
   201  0000                     
   202  0000                     
   203  0000                     
   204  0000                     
   205  0000                     
   206  0000                     
   207  0000                     
   208  0000                     
   209  0000                     
   210  0000                     
   211  0000                     
   212  0000                     
   213  0000                     
   214  0000                     
   215  0000                     
   216  0000                     
   217  0000                     
   218  0000                     
   219  0000                     
   220  0000                     
   221  0000                     
   222  0000                     
   223  0000                     
   224  0000                     
   225  0000                     
   226  0000                     
   227  0000                     
   228  0000                     
   229  0000                     
   230  0000                     
   231  0000                     
   232  0000                     
   233  0000                     
   234  0000                     
   235  0000                     
   236  0000                     
   237  0000                     
   238  0000                     
   239  0000                     
   240  0000                     
   241  0000                     
   242  0000                     
   243  0000                     
   244  0000                     
   245  0000                     
   246  0000                     
   247  0000                     
   248  0000                     
   249  0000                     
   250  0000                     
   251  0000                     
   252  0000                     
   253  0000                     
   254  0000                     
   255  0000                     
   256  0000                     
   257  0000                     
   258  0000                     
   259  0000                     
   260  0000                     
   261  0000                     
   262  0000                     
   263  0000                     
   264  0000                     
   265  0000                     
   266  0000                     
   267  0000                     
   268  0000                     
   269  0000                     
   270  0000                     
   271  0000                     
   272  0000                     
   273  0000                     
   274  0000                     
   275  0000                     
   276  0000                     
   277  0000                     
   278  0000                     
   279  0000                     
   280  0000                     
   281  0000                     
   282  0000                     
   283  0000                     
   284  0000                     
   285  0000                     
   286  0000                     
   287  0000                     
   288  0000                     
   289  0000                     
   290  0000                     
   291  0000                     
   292  0000                     
   293  0000                     
   294  0000                     
   295  0000                     
   296  0000                     
   297  0000                     
   298  0000                     
   299  0000                     
   300  0000                     
   301  0000                     
   302  0000                     
   303  0000                     
   304  0000                     
   305  0000                     
   306  0000                     
   307  0000                     
   308  0000                     
   309  0000                     
   310  0000                     
   311  0000                     
   312  0000                     
   313  0000                     
   314  0000                     
   315  0000                     
   316  0000                     
   317  0000                     
   318  0000                     
   319  0000                     
   320  0000                     
   321  0000                     
   322  0000                     
   323  0000                     
   324  0000                     
   325  0000                     
   326  0000                     
   327  0000                     
   328  0000                     
   329  0000                     
   330  0000                     
   331  0000                     
   332  0000                     
   333  0000                     
   334  0000                     
   335  0000                     
   336  0000                     
   337  0000                     
   338  0000                     
   339  0000                     
   340  0000                     
   341  0000                     
   342  0000                     
   343  0000                     
   344  0000                     
   345  0000                     
   346  0000                     
   347  0000                     
   348  0000                     
   349  0000                     
   350  0000                     
   351  0000                     
   352  0000                     
   353  0000                     
   354  0000                     
   355  0000                     
   356  0000                     
   357  0000                     
   358  0000                     
   359  0000                     
   360  0000                     
   361  0000                     
   362  0000                     
   363  0000                     
   364  0000                     
   365  0000                     
   366  0000                     
   367  0000                     
   368  0000                     
   369  0000                     
   370  0000                     
   371  0000                     
   372  0000                     
   373  0000                     
   374  0000                     
   375  0000                     
   376  0000                     
   377  0000                     
   378  0000                     
   379  0000                     
   380  0000                     
   381  0000                     
   382  0000                     
   383  0000                     
   384  0000                     
   385  0000                     
   386  0000                     
   387  0000                     
   388  0000                     
   389  0000                     
   390  0000                     
   391  0000                     
   392  0000                     
   393  0000                     
   394  0000                     
   395  0000                     
   396  0000                     
   397  0000                     
   398  0000                     
   399  0000                     
   400  0000                     
   401  0000                     
   402  0000                     
   403  0000                     
   404  0000                     
   405  0000                     
   406  0000                     
   407  0000                     
   408  0000                     
   409  0000                     
   410  0000                     
   411  0000                     
   412  0000                     
   413  0000                     
   414  0000                     
   415  0000                     
   416  0000                     
   417  0000                     
   418  0000                     
   419  0000                     
   420  0000                     
   421  0000                     
   422  0000                     
   423  0000                     
   424  0000                     
   425  0000                     
   426  0000                     
   427  0000                     
   428  0000                     
   429  0000                     
   430  0000                     
   431  0000                     
   432  0000                     
   433  0000                     
   434  0000                     
   435  0000                     
   436  0000                     
   437  0000                     
   438  0000                     
   439  0000                     
   440  0000                     
   441  0000                     
   442  0000                     
   443  0000                     
   444  0000                     
   445  0000                     
   446  0000                     
   447  0000                     
   448  0000                     
   449  0000                     
   450  0000                     
   451  0000                     
   452  0000                     
   453  0000                     
   454  0000                     
   455  0000                     
   456  0000                     
   457  0000                     
   458  0000                     
   459  0000                     
   460  0000                     
   461  0000                     
   462  0000                     
   463  0000                     
   464  0000                     
   465  0000                     
   466  0000                     
   467  0000                     


HI-TECH Software PICC Macro Assembler V9.60PL2
Symbol Table                                          Wed Feb 11 08:11:36 2009

_Initialize 07EB           l3 07DF      _Decide 07DC      _Timing 07D8  
      _main 07DE        start 0000  _Do_Outputs 07E1  _Get_Inputs 07DA  
     status 0003  
