

HI-TECH Software PICC Macro Assembler V9.60PL2
                                                      Tue Feb 10 13:08:04 2009


     1                           	processor	16F690
     2                           	opt	pw 79
     3                           	psect	text0,local,class=CODE,delta=2
     4                           	psect	config,global,class=CONFIG,delta=2
     5                           	psect	text1,local,class=CODE,delta=2
     6                           	psect	text2,local,class=CODE,delta=2
     7                           	psect	text3,local,class=CODE,delta=2
     8                           	psect	text4,local,class=CODE,delta=2
     9                           	psect	text5,local,class=CODE,delta=2
    10                           	psect	text6,local,class=CODE,delta=2
    11                           	psect	text7,local,class=CODE,delta=2
    12                           	psect	rbit_0,global,bit,class=BANK0,space=1,de
      +                          lta=1
    13                           	psect	rbss_0,global,class=BANK0,space=1,delta=
      +                          1
    14                           	psect	temp,global,ovrld,class=BANK0,space=1,de
      +                          lta=1
    15  0000                     
    16  0000                     
    17  0000                     
    18  0000                     
    19  0000                     
    20  0000                     
    21  0000                     
    22  0000                     
    23  0000                     
    24  0000                     	;#
    25                           
    26                           	psect	text0
    27  07D1                     _Delay_1mS
    28                           ;	_delay_var assigned to ?a_Delay_1mS+0
    29  0000                     _Delay_1mS$delay_var	set	?a_Delay_1mS
    30                           ;ADC_Lab2.c: 79: void Delay_1mS(void)
    31  07D1  3062               	movlw	98
    32  07D2  0183               	clrf	3	;select bank 0
    33  07D3  00A3               	movwf	?a_Delay_1mS
    34  07D4  01A4               	clrf	?a_Delay_1mS+1
    35                           ;ADC_Lab2.c: 84: while(--delay_var);
    36  07D5                     l2
    37  07D5  30FF               	movlw	-1
    38  07D6  07A3               	addwf	?a_Delay_1mS
    39  07D7  1C03               	btfss	3,0
    40  07D8  03A4               	decf	?a_Delay_1mS+1
    41  07D9  0824               	movf	?a_Delay_1mS+1,w
    42  07DA  0423               	iorwf	?a_Delay_1mS,w
    43  07DB  1903               	btfsc	3,2
    44  07DC  0008               	return
    45  07DD  2FD5               	goto	l2
    46                           
    47                           	psect	config
    48  2007  30D4               	dw	12500	;#
    49                           
    50                           	psect	text1
    51  07A6                     _main
    52                           ;ADC_Lab2.c: 100: void main(void)
    53  07A6  27DE               	call	_Initialize
    54  07A7                     l7
    55                           ;ADC_Lab2.c: 104: while(1)
    56                           ;ADC_Lab2.c: 105: {
    57  07A7  27BB               	call	_Get_Inputs
    58                           ;ADC_Lab2.c: 107: Decide();
    59  07A8  27C4               	call	_Decide
    60                           ;ADC_Lab2.c: 108: Do_Outputs();
    61  07A9  27AC               	call	_Do_Outputs
    62                           ;ADC_Lab2.c: 109: Timing();
    63  07AA  27B3               	call	_Timing
    64  07AB  2FA7               	goto	l7
    65                           
    66                           	psect	text2
    67  07DE                     _Initialize
    68                           ;ADC_Lab2.c: 122: void Initialize(void)
    69  07DE  0183               	clrf	3	;select bank 0
    70  07DF  0186               	clrf	6	;volatile
    71                           ;ADC_Lab2.c: 127: TRISB4 = 1;
    72  07E0  1683               	bsf	3,5
    73  07E1  1606               	bsf	6,4
    74                           ;ADC_Lab2.c: 129: ANS10 = 1;
    75  07E2  1283               	bcf	3,5
    76  07E3  1703               	bsf	3,6
    77  07E4  151F               	bsf	31,2
    78                           ;ADC_Lab2.c: 131: PORTC = 0;
    79  07E5  1303               	bcf	3,6	;carry unused
    80  07E6  0187               	clrf	7	;volatile
    81                           ;ADC_Lab2.c: 132: TRISC0 = 0;
    82  07E7  1683               	bsf	3,5
    83  07E8  1007               	bcf	7,0
    84                           ;ADC_Lab2.c: 133: ANS4 = 0;
    85  07E9  1283               	bcf	3,5
    86  07EA  1703               	bsf	3,6
    87  07EB  121E               	bcf	30,4
    88                           ;ADC_Lab2.c: 137: T0CS = 0;
    89  07EC  1683               	bsf	3,5
    90  07ED  1303               	bcf	3,6	;carry unused
    91  07EE  1281               	bcf	1,5
    92                           ;ADC_Lab2.c: 140: T0SE = 0;
    93  07EF  1201               	bcf	1,4
    94                           ;ADC_Lab2.c: 142: PSA = 1;
    95  07F0  1581               	bsf	1,3
    96                           ;ADC_Lab2.c: 145: PS0 = 1;
    97  07F1  1401               	bsf	1,0
    98                           ;ADC_Lab2.c: 146: PS1 = 1;
    99  07F2  1481               	bsf	1,1
   100                           ;ADC_Lab2.c: 147: PS2 = 0;
   101  07F3  1101               	bcf	1,2
   102                           ;ADC_Lab2.c: 150: ADCS0 = 1;
   103  07F4  161F               	bsf	31,4
   104                           ;ADC_Lab2.c: 151: ADCS1 = 1;
   105  07F5  169F               	bsf	31,5
   106                           ;ADC_Lab2.c: 152: ADCS2 = 1;
   107  07F6  171F               	bsf	31,6
   108                           ;ADC_Lab2.c: 154: VCFG = 0;
   109  07F7  1283               	bcf	3,5
   110  07F8  131F               	bcf	31,6
   111                           ;ADC_Lab2.c: 156: CHS0 = 0;
   112  07F9  111F               	bcf	31,2
   113                           ;ADC_Lab2.c: 157: CHS1 = 1;
   114  07FA  159F               	bsf	31,3
   115                           ;ADC_Lab2.c: 158: CHS2 = 0;
   116  07FB  121F               	bcf	31,4
   117                           ;ADC_Lab2.c: 159: CHS3 = 1;
   118  07FC  169F               	bsf	31,5
   119                           ;ADC_Lab2.c: 161: ADFM = 0;
   120  07FD  139F               	bcf	31,7
   121                           ;ADC_Lab2.c: 163: ADON = 1;
   122  07FE  141F               	bsf	31,0
   123                           ;ADC_Lab2.c: 164: }
   124  07FF  0008               	return	;W free
   125                           
   126                           	psect	text3
   127  07BB                     _Get_Inputs
   128                           ;	_counter assigned to ?a_Get_Inputs+0
   129  0000                     _Get_Inputs$counter	set	?a_Get_Inputs
   130                           ;ADC_Lab2.c: 172: void Get_Inputs(void)
   131  07BB  3002               	movlw	2
   132  07BC  0183               	clrf	3	;select bank 0
   133  07BD  00A3               	movwf	?a_Get_Inputs
   134                           ;ADC_Lab2.c: 177: while(--counter > 0);
   135  07BE                     l11
   136  07BE  0BA3               	decfsz	?a_Get_Inputs
   137  07BF  2FBE               	goto	l11
   138                           ;ADC_Lab2.c: 179: GODONE = 1;
   139  07C0  149F               	bsf	31,1
   140                           ;ADC_Lab2.c: 184: while(GODONE == 1);
   141  07C1                     l14
   142  07C1  1C9F               	btfss	31,1
   143  07C2  0008               	return
   144  07C3  2FC1               	goto	l14
   145                           
   146                           	psect	text4
   147  07C4                     _Decide
   148                           ;ADC_Lab2.c: 194: void Decide(void)
   149  07C4  0183               	clrf	3	;select bank 0
   150  07C5  081E               	movf	30,w	;volatile
   151  07C6  00FF               	movwf	btemp
   152  07C7  1003               	bcf	3,0
   153  07C8  0DFF               	rlf	btemp
   154  07C9  1003               	bcf	3,0
   155  07CA  0DFF               	rlf	btemp
   156  07CB  1003               	bcf	3,0
   157  07CC  0D7F               	rlf	btemp,w
   158  07CD  00A2               	movwf	_TMR0_preload
   159                           ;ADC_Lab2.c: 201: toggle ^= 1;
   160  07CE  3001               	movlw	(0+1) shl (_toggle& (0+7))
   161  07CF  06A0               	xorwf	_toggle/(0+8)
   162                           ;ADC_Lab2.c: 202: }
   163  07D0  0008               	return	;W free
   164                           
   165                           	psect	text5
   166  07AC                     _Do_Outputs
   167                           ;ADC_Lab2.c: 211: void Do_Outputs(void)
   168  07AC  0183               	clrf	3	;select bank 0
   169  07AD  1C20               	btfss	_toggle/(0+8),_toggle& (0+7)
   170  07AE  2FB1               	goto	u40
   171  07AF  1407               	bsf	7,0
   172  07B0  0008               	return
   173  07B1                     u40
   174  07B1  1007               	bcf	7,0
   175                           ;ADC_Lab2.c: 215: }
   176  07B2  0008               	return	;W free
   177                           
   178                           	psect	text6
   179  07B3                     _Timing
   180                           ;ADC_Lab2.c: 223: void Timing(void)
   181  07B3  110B               	bcf	11,2
   182                           ;ADC_Lab2.c: 231: TMR0 = 255 - TMR0_preload;
   183  07B4  1283               	bcf	3,5
   184  07B5  1303               	bcf	3,6	;carry unused
   185  07B6  0922               	comf	_TMR0_preload,w
   186  07B7  0081               	movwf	1	;volatile
   187                           ;ADC_Lab2.c: 234: while(T0IF == 0);
   188  07B8                     l20
   189  07B8  190B               	btfsc	11,2
   190  07B9  0008               	return
   191  07BA  2FB8               	goto	l20
   192                           
   193                           	psect	text7
   194  0000                     
   195  0000                     
   196  0000                     
   197  0000                     
   198  0000                     
   199  0000                     
   200  0000                     
   201  0000                     
   202  0000                     
   203  0000                     
   204  0000                     
   205  0000                     
   206  0000                     
   207  0000                     
   208  0000                     
   209  0000                     
   210  0000                     
   211  0000                     
   212  0000                     
   213  0000                     
   214  0000                     
   215  0000                     
   216  0000                     
   217  0000                     
   218  0000                     
   219  0000                     
   220  0000                     
   221  0000                     
   222  0000                     
   223  0000                     
   224  0000                     
   225  0000                     
   226  0000                     
   227  0000                     
   228  0000                     
   229  0000                     
   230  0000                     
   231  0000                     
   232  0000                     
   233  0000                     
   234  0000                     
   235  0000                     
   236  0000                     
   237  0000                     
   238  0000                     
   239  0000                     
   240  0000                     
   241  0000                     
   242  0000                     
   243  0000                     
   244  0000                     
   245  0000                     
   246  0000                     
   247  0000                     
   248  0000                     
   249  0000                     
   250  0000                     
   251  0000                     
   252  0000                     
   253  0000                     
   254  0000                     
   255  0000                     
   256  0000                     
   257  0000                     
   258  0000                     
   259  0000                     
   260  0000                     
   261  0000                     
   262  0000                     
   263  0000                     
   264  0000                     
   265  0000                     
   266  0000                     
   267  0000                     
   268  0000                     
   269  0000                     
   270  0000                     
   271  0000                     
   272  0000                     
   273  0000                     
   274  0000                     
   275  0000                     
   276  0000                     
   277  0000                     
   278  0000                     
   279  0000                     
   280  0000                     
   281  0000                     
   282  0000                     
   283  0000                     
   284  0000                     
   285  0000                     
   286  0000                     
   287  0000                     
   288  0000                     
   289  0000                     
   290  0000                     
   291  0000                     
   292  0000                     
   293  0000                     
   294  0000                     
   295  0000                     
   296  0000                     
   297  0000                     
   298  0000                     
   299  0000                     
   300  0000                     
   301  0000                     
   302  0000                     
   303  0000                     
   304  0000                     
   305  0000                     
   306  0000                     
   307  0000                     
   308  0000                     
   309  0000                     
   310  0000                     
   311  0000                     
   312  0000                     
   313  0000                     
   314  0000                     
   315  0000                     
   316  0000                     
   317  0000                     
   318  0000                     
   319  0000                     
   320  0000                     
   321  0000                     
   322  0000                     
   323  0000                     
   324  0000                     
   325  0000                     
   326  0000                     
   327  0000                     
   328  0000                     
   329  0000                     
   330  0000                     
   331  0000                     
   332  0000                     
   333  0000                     
   334  0000                     
   335  0000                     
   336  0000                     
   337  0000                     
   338  0000                     
   339  0000                     
   340  0000                     
   341  0000                     
   342  0000                     
   343  0000                     
   344  0000                     
   345  0000                     
   346  0000                     
   347  0000                     
   348  0000                     
   349  0000                     
   350  0000                     
   351  0000                     
   352  0000                     
   353  0000                     
   354  0000                     
   355  0000                     
   356  0000                     
   357  0000                     
   358  0000                     
   359  0000                     
   360  0000                     
   361  0000                     
   362  0000                     
   363  0000                     
   364  0000                     
   365  0000                     
   366  0000                     
   367  0000                     
   368  0000                     
   369  0000                     
   370  0000                     
   371  0000                     
   372  0000                     
   373  0000                     
   374  0000                     
   375  0000                     
   376  0000                     
   377  0000                     
   378  0000                     
   379  0000                     
   380  0000                     
   381  0000                     
   382  0000                     
   383  0000                     
   384  0000                     
   385  0000                     
   386  0000                     
   387  0000                     
   388  0000                     
   389  0000                     
   390  0000                     
   391  0000                     
   392  0000                     
   393  0000                     
   394  0000                     
   395  0000                     
   396  0000                     
   397  0000                     
   398  0000                     
   399  0000                     
   400  0000                     
   401  0000                     
   402  0000                     
   403  0000                     
   404  0000                     
   405  0000                     
   406  0000                     
   407  0000                     
   408  0000                     
   409  0000                     
   410  0000                     
   411  0000                     
   412  0000                     
   413  0000                     
   414  0000                     
   415  0000                     
   416  0000                     
   417  0000                     
   418  0000                     
   419  0000                     
   420  0000                     
   421  0000                     
   422  0000                     
   423  0000                     
   424  0000                     
   425  0000                     
   426  0000                     
   427  0000                     
   428  0000                     
   429  0000                     
   430  0000                     
   431  0000                     
   432  0000                     
   433  0000                     
   434  0000                     
   435  0000                     
   436  0000                     
   437  0000                     
   438  0000                     
   439  0000                     
   440  0000                     
   441  0000                     
   442  0000                     
   443  0000                     
   444  0000                     
   445  0000                     
   446  0000                     
   447  0000                     
   448  0000                     
   449  0000                     
   450  0000                     
   451  0000                     
   452  0000                     
   453  0000                     
   454  0000                     
   455  0000                     
   456  0000                     
   457  0000                     
   458  0000                     
   459  0000                     
   460  0000                     
   461  0000                     
   462  0000                     
   463  0000                     
   464  0000                     
   465  0000                     
   466  0000                     
   467  0000                     
   468  0000                     
   469  0000                     
   470  0000                     
   471  0000                     
   472  0000                     
   473  0000                     
   474  0000                     
   475  0000                     
   476  0000                     
   477                           
   478                           	psect	rbit_0
   479  0100                     _toggle
                     _toggle
   480  0100                     	ds	1
   481  0000                     
   482  0000                     
   483  0000                     
   484  0000                     
   485  0000                     
   486  0000                     
   487  0000                     
   488  0000                     
   489  0000                     
   490  0000                     
   491  0000                     
   492  0000                     
   493  0000                     
   494  0000                     
   495  0000                     
   496  0000                     
   497  0000                     
   498  0000                     
   499  0000                     
   500  0000                     
   501  0000                     
   502  0000                     
   503  0000                     
   504  0000                     
   505  0000                     
   506  0000                     
   507  0000                     
   508                           
   509                           	psect	rbss_0
   510  0021                     _LED_Output
                     _LED_Output
   511  0021                     	ds	1
   512  0000                     
   513  0000                     
   514  0000                     
   515  0000                     
   516  0000                     
   517  0000                     
   518  0000                     
   519  0000                     
   520  0000                     
   521  0000                     
   522  0000                     
   523  0000                     
   524  0000                     
   525  0000                     
   526  0000                     
   527  0000                     
   528  0000                     
   529  0000                     
   530  0000                     
   531  0000                     
   532  0000                     
   533  0000                     
   534  0000                     
   535  0000                     
   536  0000                     
   537  0000                     
   538  0000                     
   539  0000                     
   540  0000                     
   541  0000                     
   542  0022                     _TMR0_preload
                     _TMR0_preload
   543  0022                     	ds	1
   544  0000                     
   545  0000                     
   546  0000                     
   547  0000                     
   548  0000                     
   549  0000                     
   550  0000                     
   551  0000                     
   552  0000                     
   553  0000                     
   554  0000                     
   555  0000                     
   556                           
   557                           	psect	temp
   558  007F                     btemp
                     btemp
   559  007F                     	ds	1


HI-TECH Software PICC Macro Assembler V9.60PL2
Symbol Table                                          Tue Feb 10 13:08:04 2009

         _Initialize 07DE                    l2 07D5  
                  l7 07A7          ?a_Delay_1mS 0023  
                 l11 07BE                   l20 07B8  
                 l14 07C1                   u40 07B1  
             _Decide 07C4               _Timing 07B3  
          _Delay_1mS 07D1         ?a_Get_Inputs 0023  
               _main 07A6               _toggle 0100  
               btemp 007F                 start 0000  
         _LED_Output 0021           _Do_Outputs 07AC  
         _Get_Inputs 07BB                status 0003  
         used_btemp0 0001         _TMR0_preload 0022  
