

HI-TECH Software PICC Macro Assembler V9.60PL2
                                                      Tue Feb 10 12:37:24 2009


     1                           	processor	16F690
     2                           	opt	pw 79
     3                           	psect	text0,local,class=CODE,delta=2
     4                           	psect	config,global,class=CONFIG,delta=2
     5                           	psect	text1,local,class=CODE,delta=2
     6                           	psect	text2,local,class=CODE,delta=2
     7                           	psect	text3,local,class=CODE,delta=2
     8                           	psect	text4,local,class=CODE,delta=2
     9                           	psect	text5,local,class=CODE,delta=2
    10                           	psect	text6,local,class=CODE,delta=2
    11                           	psect	text7,local,class=CODE,delta=2
    12                           	psect	rbss_0,global,class=BANK0,space=1,delta=
      +                          1
    13  0000                     
    14  0000                     
    15  0000                     
    16  0000                     
    17  0000                     
    18  0000                     
    19  0000                     
    20  0000                     
    21  0000                     
    22  0000                     	;#
    23                           
    24                           	psect	text0
    25  07D2                     _Delay_1mS
    26                           ;	_delay_var assigned to ?a_Delay_1mS+0
    27  0000                     _Delay_1mS$delay_var	set	?a_Delay_1mS
    28                           ;ADC_Lab1.c: 75: void Delay_1mS(void)
    29  07D2  3062               	movlw	98
    30  07D3  0183               	clrf	3	;select bank 0
    31  07D4  00A1               	movwf	?a_Delay_1mS
    32  07D5  01A2               	clrf	?a_Delay_1mS+1
    33                           ;ADC_Lab1.c: 80: while(--delay_var);
    34  07D6                     l2
    35  07D6  30FF               	movlw	-1
    36  07D7  07A1               	addwf	?a_Delay_1mS
    37  07D8  1C03               	btfss	3,0
    38  07D9  03A2               	decf	?a_Delay_1mS+1
    39  07DA  0822               	movf	?a_Delay_1mS+1,w
    40  07DB  0421               	iorwf	?a_Delay_1mS,w
    41  07DC  1903               	btfsc	3,2
    42  07DD  0008               	return
    43  07DE  2FD6               	goto	l2
    44                           
    45                           	psect	config
    46  2007  30D4               	dw	12500	;#
    47                           
    48                           	psect	text1
    49  07C3                     _main
    50                           ;ADC_Lab1.c: 96: void main(void)
    51  07C3  27DF               	call	_Initialize
    52  07C4                     l7
    53                           ;ADC_Lab1.c: 100: while(1)
    54                           ;ADC_Lab1.c: 101: {
    55  07C4  27C8               	call	_Get_Inputs
    56                           ;ADC_Lab1.c: 103: Decide();
    57  07C5  27CD               	call	_Decide
    58                           ;ADC_Lab1.c: 104: Do_Outputs();
    59  07C6  27BF               	call	_Do_Outputs
    60  07C7  2FC4               	goto	l7
    61                           
    62                           	psect	text2
    63  07DF                     _Initialize
    64                           ;ADC_Lab1.c: 117: void Initialize(void)
    65  07DF  1683               	bsf	3,5
    66  07E0  1303               	bcf	3,6	;carry unused
    67  07E1  1606               	bsf	6,4
    68                           ;ADC_Lab1.c: 123: ANS10 = 1;
    69  07E2  1283               	bcf	3,5
    70  07E3  1703               	bsf	3,6
    71  07E4  151F               	bsf	31,2
    72                           ;ADC_Lab1.c: 125: PORTC = 0;
    73  07E5  1303               	bcf	3,6	;carry unused
    74  07E6  0187               	clrf	7	;volatile
    75                           ;ADC_Lab1.c: 126: TRISC0 = 0;
    76  07E7  1683               	bsf	3,5
    77  07E8  1007               	bcf	7,0
    78                           ;ADC_Lab1.c: 127: TRISC1 = 0;
    79  07E9  1087               	bcf	7,1
    80                           ;ADC_Lab1.c: 128: TRISC2 = 0;
    81  07EA  1107               	bcf	7,2
    82                           ;ADC_Lab1.c: 129: TRISC3 = 0;
    83  07EB  1187               	bcf	7,3
    84                           ;ADC_Lab1.c: 130: ANS4 = 0;
    85  07EC  1283               	bcf	3,5
    86  07ED  1703               	bsf	3,6
    87  07EE  121E               	bcf	30,4
    88                           ;ADC_Lab1.c: 131: ANS5 = 0;
    89  07EF  129E               	bcf	30,5
    90                           ;ADC_Lab1.c: 132: ANS6 = 0;
    91  07F0  131E               	bcf	30,6
    92                           ;ADC_Lab1.c: 133: ANS7 = 0;
    93  07F1  139E               	bcf	30,7
    94                           ;ADC_Lab1.c: 136: ADCS0 = 1;
    95  07F2  1683               	bsf	3,5
    96  07F3  1303               	bcf	3,6	;carry unused
    97  07F4  161F               	bsf	31,4
    98                           ;ADC_Lab1.c: 137: ADCS1 = 1;
    99  07F5  169F               	bsf	31,5
   100                           ;ADC_Lab1.c: 138: ADCS2 = 1;
   101  07F6  171F               	bsf	31,6
   102                           ;ADC_Lab1.c: 140: VCFG = 0;
   103  07F7  1283               	bcf	3,5
   104  07F8  131F               	bcf	31,6
   105                           ;ADC_Lab1.c: 142: CHS0 = 0;
   106  07F9  111F               	bcf	31,2
   107                           ;ADC_Lab1.c: 143: CHS1 = 1;
   108  07FA  159F               	bsf	31,3
   109                           ;ADC_Lab1.c: 144: CHS2 = 0;
   110  07FB  121F               	bcf	31,4
   111                           ;ADC_Lab1.c: 145: CHS3 = 1;
   112  07FC  169F               	bsf	31,5
   113                           ;ADC_Lab1.c: 147: ADFM = 0;
   114  07FD  139F               	bcf	31,7
   115                           ;ADC_Lab1.c: 149: ADON = 1;
   116  07FE  141F               	bsf	31,0
   117                           ;ADC_Lab1.c: 150: }
   118  07FF  0008               	return	;W free
   119                           
   120                           	psect	text3
   121  07C8                     _Get_Inputs
   122                           ;ADC_Lab1.c: 158: void Get_Inputs(void)
   123  07C8  27D2               	call	_Delay_1mS
   124                           ;ADC_Lab1.c: 164: GODONE = 1;
   125  07C9  149F               	bsf	31,1
   126                           ;ADC_Lab1.c: 169: while(GODONE == 1);
   127  07CA                     l11
   128  07CA  1C9F               	btfss	31,1
   129  07CB  0008               	return
   130  07CC  2FCA               	goto	l11
   131                           
   132                           	psect	text4
   133  07CD                     _Decide
   134                           ;ADC_Lab1.c: 179: void Decide(void)
   135  07CD  0183               	clrf	3	;select bank 0
   136  07CE  0E1E               	swapf	30,w	;volatile
   137  07CF  390F               	andlw	15
   138  07D0  00A0               	movwf	_LED_Output
   139                           ;ADC_Lab1.c: 185: }
   140  07D1  0008               	return	;W free
   141                           
   142                           	psect	text5
   143  07BF                     _Do_Outputs
   144                           ;ADC_Lab1.c: 194: void Do_Outputs(void)
   145  07BF  0183               	clrf	3	;select bank 0
   146  07C0  0820               	movf	_LED_Output,w
   147  07C1  0087               	movwf	7	;volatile
   148                           ;ADC_Lab1.c: 199: }
   149  07C2  0008               	return	;W free
   150                           
   151                           	psect	text6
   152  07BD                     _Timing
   153                           ;ADC_Lab1.c: 207: void Timing(void)
   154  07BD  0183               	clrf	3	;select bank 0
   155  07BE  0008               	return	;W free
   156                           
   157                           	psect	text7
   158  0000                     
   159  0000                     
   160  0000                     
   161  0000                     
   162  0000                     
   163  0000                     
   164  0000                     
   165  0000                     
   166  0000                     
   167  0000                     
   168  0000                     
   169  0000                     
   170  0000                     
   171  0000                     
   172  0000                     
   173  0000                     
   174  0000                     
   175  0000                     
   176  0000                     
   177  0000                     
   178  0000                     
   179  0000                     
   180  0000                     
   181  0000                     
   182  0000                     
   183  0000                     
   184  0000                     
   185  0000                     
   186  0000                     
   187  0000                     
   188  0000                     
   189  0000                     
   190  0000                     
   191  0000                     
   192  0000                     
   193  0000                     
   194  0000                     
   195  0000                     
   196  0000                     
   197  0000                     
   198  0000                     
   199  0000                     
   200  0000                     
   201  0000                     
   202  0000                     
   203  0000                     
   204  0000                     
   205  0000                     
   206  0000                     
   207  0000                     
   208  0000                     
   209  0000                     
   210  0000                     
   211  0000                     
   212  0000                     
   213  0000                     
   214  0000                     
   215  0000                     
   216  0000                     
   217  0000                     
   218  0000                     
   219  0000                     
   220  0000                     
   221  0000                     
   222  0000                     
   223  0000                     
   224  0000                     
   225  0000                     
   226  0000                     
   227  0000                     
   228  0000                     
   229  0000                     
   230  0000                     
   231  0000                     
   232  0000                     
   233  0000                     
   234  0000                     
   235  0000                     
   236  0000                     
   237  0000                     
   238  0000                     
   239  0000                     
   240  0000                     
   241  0000                     
   242  0000                     
   243  0000                     
   244  0000                     
   245  0000                     
   246  0000                     
   247  0000                     
   248  0000                     
   249  0000                     
   250  0000                     
   251  0000                     
   252  0000                     
   253  0000                     
   254  0000                     
   255  0000                     
   256  0000                     
   257  0000                     
   258  0000                     
   259  0000                     
   260  0000                     
   261  0000                     
   262  0000                     
   263  0000                     
   264  0000                     
   265  0000                     
   266  0000                     
   267  0000                     
   268  0000                     
   269  0000                     
   270  0000                     
   271  0000                     
   272  0000                     
   273  0000                     
   274  0000                     
   275  0000                     
   276  0000                     
   277  0000                     
   278  0000                     
   279  0000                     
   280  0000                     
   281  0000                     
   282  0000                     
   283  0000                     
   284  0000                     
   285  0000                     
   286  0000                     
   287  0000                     
   288  0000                     
   289  0000                     
   290  0000                     
   291  0000                     
   292  0000                     
   293  0000                     
   294  0000                     
   295  0000                     
   296  0000                     
   297  0000                     
   298  0000                     
   299  0000                     
   300  0000                     
   301  0000                     
   302  0000                     
   303  0000                     
   304  0000                     
   305  0000                     
   306  0000                     
   307  0000                     
   308  0000                     
   309  0000                     
   310  0000                     
   311  0000                     
   312  0000                     
   313  0000                     
   314  0000                     
   315  0000                     
   316  0000                     
   317  0000                     
   318  0000                     
   319  0000                     
   320  0000                     
   321  0000                     
   322  0000                     
   323  0000                     
   324  0000                     
   325  0000                     
   326  0000                     
   327  0000                     
   328  0000                     
   329  0000                     
   330  0000                     
   331  0000                     
   332  0000                     
   333  0000                     
   334  0000                     
   335  0000                     
   336  0000                     
   337  0000                     
   338  0000                     
   339  0000                     
   340  0000                     
   341  0000                     
   342  0000                     
   343  0000                     
   344  0000                     
   345  0000                     
   346  0000                     
   347  0000                     
   348  0000                     
   349  0000                     
   350  0000                     
   351  0000                     
   352  0000                     
   353  0000                     
   354  0000                     
   355  0000                     
   356  0000                     
   357  0000                     
   358  0000                     
   359  0000                     
   360  0000                     
   361  0000                     
   362  0000                     
   363  0000                     
   364  0000                     
   365  0000                     
   366  0000                     
   367  0000                     
   368  0000                     
   369  0000                     
   370  0000                     
   371  0000                     
   372  0000                     
   373  0000                     
   374  0000                     
   375  0000                     
   376  0000                     
   377  0000                     
   378  0000                     
   379  0000                     
   380  0000                     
   381  0000                     
   382  0000                     
   383  0000                     
   384  0000                     
   385  0000                     
   386  0000                     
   387  0000                     
   388  0000                     
   389  0000                     
   390  0000                     
   391  0000                     
   392  0000                     
   393  0000                     
   394  0000                     
   395  0000                     
   396  0000                     
   397  0000                     
   398  0000                     
   399  0000                     
   400  0000                     
   401  0000                     
   402  0000                     
   403  0000                     
   404  0000                     
   405  0000                     
   406  0000                     
   407  0000                     
   408  0000                     
   409  0000                     
   410  0000                     
   411  0000                     
   412  0000                     
   413  0000                     
   414  0000                     
   415  0000                     
   416  0000                     
   417  0000                     
   418  0000                     
   419  0000                     
   420  0000                     
   421  0000                     
   422  0000                     
   423  0000                     
   424  0000                     
   425  0000                     
   426  0000                     
   427  0000                     
   428  0000                     
   429  0000                     
   430  0000                     
   431  0000                     
   432  0000                     
   433  0000                     
   434  0000                     
   435  0000                     
   436  0000                     
   437  0000                     
   438  0000                     
   439  0000                     
   440  0000                     
   441  0000                     
   442  0000                     
   443  0000                     
   444  0000                     
   445  0000                     
   446  0000                     
   447  0000                     
   448  0000                     
   449  0000                     
   450  0000                     
   451  0000                     
   452  0000                     
   453  0000                     
   454  0000                     
   455  0000                     
   456  0000                     
   457  0000                     
   458  0000                     
   459  0000                     
   460  0000                     
   461  0000                     
   462  0000                     
   463  0000                     
   464  0000                     
   465  0000                     
   466  0000                     
   467  0000                     
   468                           
   469                           	psect	rbss_0
   470  0020                     _LED_Output
                     _LED_Output
   471  0020                     	ds	1
   472  0000                     
   473  0000                     
   474  0000                     
   475  0000                     
   476  0000                     
   477  0000                     
   478  0000                     
   479  0000                     
   480  0000                     
   481  0000                     
   482  0000                     
   483  0000                     
   484  0000                     
   485  0000                     
   486  0000                     
   487  0000                     
   488  0000                     
   489  0000                     
   490  0000                     
   491  0000                     
   492  0000                     
   493  0000                     
   494  0000                     
   495  0000                     
   496  0000                     
   497  0000                     
   498  0000                     
   499  0000                     
   500  0000                     
   501  0000                     
   502  0000                     
   503  0000                     
   504  0000                     
   505  0000                     
   506  0000                     
   507  0000                     
   508  0000                     
   509  0000                     
   510  0000                     
   511  0000                     
   512  0000                     
   513  0000                     


HI-TECH Software PICC Macro Assembler V9.60PL2
Symbol Table                                          Tue Feb 10 12:37:24 2009

         _Initialize 07DF                    l2 07D6  
                  l7 07C4          ?a_Delay_1mS 0021  
                 l11 07CA               _Decide 07CD  
             _Timing 07BD            _Delay_1mS 07D2  
               _main 07C3                 start 0000  
         _LED_Output 0020           _Do_Outputs 07BF  
         _Get_Inputs 07C8                status 0003  
