

HI-TECH Software PICC Macro Assembler V9.60PL2
                                                      Mon Feb 09 13:23:02 2009


     1                           	processor	16F690
     2                           	opt	pw 79
     3                           	psect	text0,local,class=CODE,delta=2
     4                           	psect	config,global,class=CONFIG,delta=2
     5                           	psect	text1,local,class=CODE,delta=2
     6                           	psect	text2,local,class=CODE,delta=2
     7                           	psect	text3,local,class=CODE,delta=2
     8                           	psect	text4,local,class=CODE,delta=2
     9                           	psect	text5,local,class=CODE,delta=2
    10                           	psect	text6,local,class=CODE,delta=2
    11                           	psect	text7,local,class=CODE,delta=2
    12                           	psect	rbss_0,global,class=BANK0,space=1,delta=
      +                          1
    13  0000                     
    14  0000                     
    15  0000                     
    16  0000                     
    17  0000                     
    18  0000                     
    19  0000                     
    20  0000                     
    21  0000                     
    22  0000                     	;#
    23                           
    24                           	psect	text0
    25  07C9                     _Delay_1S
    26                           ;	_counter assigned to ?a_Delay_1S+0
    27  0000                     _Delay_1S$counter	set	?a_Delay_1S
    28                           ;GPIO_Lab4.c: 74: void Delay_1S(void)
    29  07C9  0183               	clrf	3	;select bank 0
    30  07CA  01A1               	clrf	?a_Delay_1S
    31                           ;GPIO_Lab4.c: 79: while(counter <= 15)
    32  07CB  2FD1               	goto	l2
    33  07CC                     l3
    34                           ;GPIO_Lab4.c: 80: {
    35  07CC  110B               	bcf	11,2
    36                           ;GPIO_Lab4.c: 84: TMR0 = 0;
    37  07CD  0181               	clrf	1	;volatile
    38                           ;GPIO_Lab4.c: 86: while (T0IF == 0);
    39  07CE                     l5
    40  07CE  1D0B               	btfss	11,2
    41  07CF  2FCE               	goto	l5
    42                           ;GPIO_Lab4.c: 87: ++counter;
    43  07D0  0AA1               	incf	?a_Delay_1S
    44  07D1                     l2
    45  07D1  3010               	movlw	16
    46  07D2  0221               	subwf	?a_Delay_1S,w
    47  07D3  1803               	btfsc	3,0
    48  07D4  0008               	return
    49  07D5  2FCC               	goto	l3
    50                           
    51                           	psect	config
    52  2007  30D4               	dw	12500	;#
    53                           
    54                           	psect	text1
    55  07C4                     _main
    56                           ;GPIO_Lab4.c: 104: void main(void)
    57  07C4  27E3               	call	_Initialize
    58  07C5                     l10
    59                           ;GPIO_Lab4.c: 107: while(1)
    60                           ;GPIO_Lab4.c: 108: {
    61  07C5  27D6               	call	_Decide
    62                           ;GPIO_Lab4.c: 110: Do_Outputs();
    63  07C6  27C0               	call	_Do_Outputs
    64                           ;GPIO_Lab4.c: 111: Timing();
    65                           ;GPIO_Lab4.c: 214: void Timing(void)
    66  07C7  27C9               	call	_Delay_1S
    67                           ;GPIO_Lab4.c: 218: }
    68  07C8  2FC5               	goto	l10
    69                           
    70                           	psect	text2
    71  07E3                     _Initialize
    72                           ;GPIO_Lab4.c: 124: void Initialize(void)
    73  07E3  3001               	movlw	1
    74  07E4  0183               	clrf	3	;select bank 0
    75  07E5  0087               	movwf	7	;volatile
    76                           ;GPIO_Lab4.c: 129: ANS4 = 0;
    77  07E6  1703               	bsf	3,6
    78  07E7  121E               	bcf	30,4
    79                           ;GPIO_Lab4.c: 130: ANS5 = 0;
    80  07E8  129E               	bcf	30,5
    81                           ;GPIO_Lab4.c: 131: ANS6 = 0;
    82  07E9  131E               	bcf	30,6
    83                           ;GPIO_Lab4.c: 132: ANS7 = 0;
    84  07EA  139E               	bcf	30,7
    85                           ;GPIO_Lab4.c: 133: ANS8 = 0;
    86  07EB  101F               	bcf	31,0
    87                           ;GPIO_Lab4.c: 134: ANS9 = 0;
    88  07EC  109F               	bcf	31,1
    89                           ;GPIO_Lab4.c: 137: TRISC0 = 0;
    90  07ED  1683               	bsf	3,5
    91  07EE  1303               	bcf	3,6	;carry unused
    92  07EF  1007               	bcf	7,0
    93                           ;GPIO_Lab4.c: 138: TRISC1 = 0;
    94  07F0  1087               	bcf	7,1
    95                           ;GPIO_Lab4.c: 139: TRISC2 = 0;
    96  07F1  1107               	bcf	7,2
    97                           ;GPIO_Lab4.c: 140: TRISC3 = 0;
    98  07F2  1187               	bcf	7,3
    99                           ;GPIO_Lab4.c: 141: TRISC4 = 0;
   100  07F3  1207               	bcf	7,4
   101                           ;GPIO_Lab4.c: 142: TRISC5 = 0;
   102  07F4  1287               	bcf	7,5
   103                           ;GPIO_Lab4.c: 143: TRISC6 = 0;
   104  07F5  1307               	bcf	7,6
   105                           ;GPIO_Lab4.c: 144: TRISC7 = 0;
   106  07F6  1387               	bcf	7,7
   107                           ;GPIO_Lab4.c: 146: T0CS = 0;
   108  07F7  1281               	bcf	1,5
   109                           ;GPIO_Lab4.c: 148: T0SE = 0;
   110  07F8  1201               	bcf	1,4
   111                           ;GPIO_Lab4.c: 150: PSA = 0;
   112  07F9  1181               	bcf	1,3
   113                           ;GPIO_Lab4.c: 154: PS0 = 1;
   114  07FA  1401               	bsf	1,0
   115                           ;GPIO_Lab4.c: 155: PS1 = 1;
   116  07FB  1481               	bsf	1,1
   117                           ;GPIO_Lab4.c: 156: PS2 = 1;
   118  07FC  1501               	bsf	1,2
   119                           ;GPIO_Lab4.c: 158: LED_Output = 0b00000000;
   120  07FD  1283               	bcf	3,5
   121  07FE  01A0               	clrf	_LED_Output
   122                           ;GPIO_Lab4.c: 159: }
   123  07FF  0008               	return	;W free
   124                           
   125                           	psect	text3
   126  07BC                     _Get_Inputs
   127                           ;GPIO_Lab4.c: 167: void Get_Inputs(void)
   128  07BC  0183               	clrf	3	;select bank 0
   129  07BD  0008               	return	;W free
   130                           
   131                           	psect	text4
   132  07D6                     _Decide
   133                           ;GPIO_Lab4.c: 179: void Decide(void)
   134  07D6  0183               	clrf	3	;select bank 0
   135  07D7  0820               	movf	_LED_Output,w
   136  07D8  3A80               	xorlw	-128
   137  07D9  1D03               	btfss	3,2
   138  07DA  08A0               	movf	_LED_Output
   139  07DB  1D03               	btfss	3,2
   140  07DC  2FE0               	goto	l15
   141                           ;GPIO_Lab4.c: 187: LED_Output = 0b00000001;
   142  07DD  01A0               	clrf	_LED_Output
   143  07DE  0AA0               	incf	_LED_Output
   144  07DF  0008               	return
   145  07E0                     l15
   146                           ;GPIO_Lab4.c: 191: else LED_Output <<=1;
   147  07E0  1003               	bcf	3,0
   148  07E1  0DA0               	rlf	_LED_Output
   149                           ;GPIO_Lab4.c: 192: }
   150  07E2  0008               	return	;W free
   151                           
   152                           	psect	text5
   153  07C0                     _Do_Outputs
   154                           ;GPIO_Lab4.c: 201: void Do_Outputs(void)
   155  07C0  0183               	clrf	3	;select bank 0
   156  07C1  0820               	movf	_LED_Output,w
   157  07C2  0087               	movwf	7	;volatile
   158                           ;GPIO_Lab4.c: 206: }
   159  07C3  0008               	return	;W free
   160                           
   161                           	psect	text6
   162  07BE                     _Timing
   163                           ;GPIO_Lab4.c: 214: void Timing(void)
   164  07BE  27C9               	call	_Delay_1S
   165                           ;GPIO_Lab4.c: 218: }
   166  07BF                     l18
   167  07BF  0008               	return	;W free
   168                           
   169                           	psect	text7
   170  0000                     
   171  0000                     
   172  0000                     
   173  0000                     
   174  0000                     
   175  0000                     
   176  0000                     
   177  0000                     
   178  0000                     
   179  0000                     
   180  0000                     
   181  0000                     
   182  0000                     
   183  0000                     
   184  0000                     
   185  0000                     
   186  0000                     
   187  0000                     
   188  0000                     
   189  0000                     
   190  0000                     
   191  0000                     
   192  0000                     
   193  0000                     
   194  0000                     
   195  0000                     
   196  0000                     
   197  0000                     
   198  0000                     
   199  0000                     
   200  0000                     
   201  0000                     
   202  0000                     
   203  0000                     
   204  0000                     
   205  0000                     
   206  0000                     
   207  0000                     
   208  0000                     
   209  0000                     
   210  0000                     
   211  0000                     
   212  0000                     
   213  0000                     
   214  0000                     
   215  0000                     
   216  0000                     
   217  0000                     
   218  0000                     
   219  0000                     
   220  0000                     
   221  0000                     
   222  0000                     
   223  0000                     
   224  0000                     
   225  0000                     
   226  0000                     
   227  0000                     
   228  0000                     
   229  0000                     
   230  0000                     
   231  0000                     
   232  0000                     
   233  0000                     
   234  0000                     
   235  0000                     
   236  0000                     
   237  0000                     
   238  0000                     
   239  0000                     
   240  0000                     
   241  0000                     
   242  0000                     
   243  0000                     
   244  0000                     
   245  0000                     
   246  0000                     
   247  0000                     
   248  0000                     
   249  0000                     
   250  0000                     
   251  0000                     
   252  0000                     
   253  0000                     
   254  0000                     
   255  0000                     
   256  0000                     
   257  0000                     
   258  0000                     
   259  0000                     
   260  0000                     
   261  0000                     
   262  0000                     
   263  0000                     
   264  0000                     
   265  0000                     
   266  0000                     
   267  0000                     
   268  0000                     
   269  0000                     
   270  0000                     
   271  0000                     
   272  0000                     
   273  0000                     
   274  0000                     
   275  0000                     
   276  0000                     
   277  0000                     
   278  0000                     
   279  0000                     
   280  0000                     
   281  0000                     
   282  0000                     
   283  0000                     
   284  0000                     
   285  0000                     
   286  0000                     
   287  0000                     
   288  0000                     
   289  0000                     
   290  0000                     
   291  0000                     
   292  0000                     
   293  0000                     
   294  0000                     
   295  0000                     
   296  0000                     
   297  0000                     
   298  0000                     
   299  0000                     
   300  0000                     
   301  0000                     
   302  0000                     
   303  0000                     
   304  0000                     
   305  0000                     
   306  0000                     
   307  0000                     
   308  0000                     
   309  0000                     
   310  0000                     
   311  0000                     
   312  0000                     
   313  0000                     
   314  0000                     
   315  0000                     
   316  0000                     
   317  0000                     
   318  0000                     
   319  0000                     
   320  0000                     
   321  0000                     
   322  0000                     
   323  0000                     
   324  0000                     
   325  0000                     
   326  0000                     
   327  0000                     
   328  0000                     
   329  0000                     
   330  0000                     
   331  0000                     
   332  0000                     
   333  0000                     
   334  0000                     
   335  0000                     
   336  0000                     
   337  0000                     
   338  0000                     
   339  0000                     
   340  0000                     
   341  0000                     
   342  0000                     
   343  0000                     
   344  0000                     
   345  0000                     
   346  0000                     
   347  0000                     
   348  0000                     
   349  0000                     
   350  0000                     
   351  0000                     
   352  0000                     
   353  0000                     
   354  0000                     
   355  0000                     
   356  0000                     
   357  0000                     
   358  0000                     
   359  0000                     
   360  0000                     
   361  0000                     
   362  0000                     
   363  0000                     
   364  0000                     
   365  0000                     
   366  0000                     
   367  0000                     
   368  0000                     
   369  0000                     
   370  0000                     
   371  0000                     
   372  0000                     
   373  0000                     
   374  0000                     
   375  0000                     
   376  0000                     
   377  0000                     
   378  0000                     
   379  0000                     
   380  0000                     
   381  0000                     
   382  0000                     
   383  0000                     
   384  0000                     
   385  0000                     
   386  0000                     
   387  0000                     
   388  0000                     
   389  0000                     
   390  0000                     
   391  0000                     
   392  0000                     
   393  0000                     
   394  0000                     
   395  0000                     
   396  0000                     
   397  0000                     
   398  0000                     
   399  0000                     
   400  0000                     
   401  0000                     
   402  0000                     
   403  0000                     
   404  0000                     
   405  0000                     
   406  0000                     
   407  0000                     
   408  0000                     
   409  0000                     
   410  0000                     
   411  0000                     
   412  0000                     
   413  0000                     
   414  0000                     
   415  0000                     
   416  0000                     
   417  0000                     
   418  0000                     
   419  0000                     
   420  0000                     
   421  0000                     
   422  0000                     
   423  0000                     
   424  0000                     
   425  0000                     
   426  0000                     
   427  0000                     
   428  0000                     
   429  0000                     
   430  0000                     
   431  0000                     
   432  0000                     
   433  0000                     
   434  0000                     
   435  0000                     
   436  0000                     
   437  0000                     
   438  0000                     
   439  0000                     
   440  0000                     
   441  0000                     
   442  0000                     
   443  0000                     
   444  0000                     
   445  0000                     
   446  0000                     
   447  0000                     
   448  0000                     
   449  0000                     
   450  0000                     
   451  0000                     
   452  0000                     
   453  0000                     
   454  0000                     
   455  0000                     
   456  0000                     
   457  0000                     
   458  0000                     
   459  0000                     
   460  0000                     
   461  0000                     
   462  0000                     
   463  0000                     
   464  0000                     
   465  0000                     
   466  0000                     
   467  0000                     
   468  0000                     
   469  0000                     
   470  0000                     
   471  0000                     
   472  0000                     
   473  0000                     
   474  0000                     
   475  0000                     
   476  0000                     
   477  0000                     
   478  0000                     
   479  0000                     
   480                           
   481                           	psect	rbss_0
   482  0020                     _LED_Output
                     _LED_Output
   483  0020                     	ds	1
   484  0000                     
   485  0000                     
   486  0000                     
   487  0000                     
   488  0000                     
   489  0000                     
   490  0000                     
   491  0000                     
   492  0000                     
   493  0000                     
   494  0000                     
   495  0000                     
   496  0000                     
   497  0000                     
   498  0000                     
   499  0000                     
   500  0000                     
   501  0000                     
   502  0000                     
   503  0000                     
   504  0000                     
   505  0000                     
   506  0000                     
   507  0000                     
   508  0000                     
   509  0000                     
   510  0000                     
   511  0000                     
   512  0000                     
   513  0000                     
   514  0000                     
   515  0000                     
   516  0000                     
   517  0000                     
   518  0000                     
   519  0000                     
   520  0000                     
   521  0000                     
   522  0000                     
   523  0000                     
   524  0000                     
   525  0000                     


HI-TECH Software PICC Macro Assembler V9.60PL2
Symbol Table                                          Mon Feb 09 13:23:02 2009

      _Initialize 07E3        ?a_Delay_1S 0021                 l2 07D1  
               l3 07CC                 l5 07CE                l10 07C5  
              l15 07E0            _Decide 07D6            _Timing 07BE  
            _main 07C4              start 0000        _LED_Output 0020  
      _Do_Outputs 07C0          _Delay_1S 07C9        _Get_Inputs 07BC  
           status 0003  
