HI-TECH Software C Compiler 

Linker command line:

--edf=C:\Program Files\HI-TECH Software\PICC\LITE\9.60\dat\en_msgs.txt \
  -h+GPIO_Lab4.sym -z -Q16F690 -ol.obj -MGPIO_Lab4.map -E1 -ACODE=00h-07FFh \
  -ACONST=00h-0FFhx8 -AENTRY=00h-0FFhx8 -ASTRING=00h-0FFhx8 \
  -ABANK0=020h-07Fh -ABANK1=0A0h-0EFh -ACOMBANK=070h-07Fh \
  -preset_vec=00h,intentry,intcode,intret,init,end_init,clrtext,maintext,stringtable,pstrings,strings \
  -ppowerup=CODE -ptemp=-COMBANK -pintsave_0=-COMBANK \
  -prbit_0=BANK0,rbss_0=BANK0,rdata_0=BANK0,idata_0=CODE -pnvram=BANK0 \
  -pintsave_1=BANK1 -prbit_1=BANK1,rbss_1=BANK1,rdata_1=BANK1,idata_1=CODE \
  -pnvram_1=BANK1,nvbit_1=BANK1 -ACONFIG=02007h-02007h -pconfig=CONFIG \
  -AIDLOC=02000h-02003h -pidloc=IDLOC -AEEDATA=00h-0FFh/02100h \
  -peeprom_data=EEDATA -pfloat_text0=CODE,float_text1=CODE,float_text2=CODE \
  -pfloat_text3=CODE,float_text4=CODE \
  C:\DOCUME~1\c13137\LOCALS~1\Temp\s55c.obj GPIO_Lab4.obj \
  C:\Program Files\HI-TECH Software\PICC\LITE\9.60\lib\pcl32--u.lib \
  C:\Program Files\HI-TECH Software\PICC\LITE\9.60\lib\pcl40c-c.lib \
  C:\Program Files\HI-TECH Software\PICC\LITE\9.60\lib\pcl32--u.lib 

Object code version is 3.10

Machine type is 16F690

Call graph:

*_main size 0,0 offset 0
     _Initialize size 0,0 offset 0
     _Decide size 0,0 offset 0
     _Do_Outputs size 0,0 offset 0
*    _Timing size 0,0 offset 0
*        _Delay_1S size 0,1 offset 0

Estimated maximum call depth: 2


		Name          Link     Load   Length Selector Space Scale
C:\DOCUME~1\c13137\LOCALS~1\Temp\s55c.obj
		init             0        0        2       0     0
		end_init         2        2        1       0     0
GPIO_Lab4.obj   config        2007     2007        1    400E     0
		rbss_0          20       20        1      20     1
		text5          7C0      7C0        4     F80     0
		text4          7D6      7D6        D     FAC     0
		text6          7BE      7BE        2     F7C     0
		text3          7BC      7BC        2     F78     0
		text0          7C9      7C9        D     F92     0
		text2          7E3      7E3       1D     FC6     0
		text1          7C4      7C4        5     F88     0

C:\Program Files\HI-TECH Software\PICC\LITE\9.60\lib\pcl32--u.lib

C:\Program Files\HI-TECH Software\PICC\LITE\9.60\lib\pcl40c-c.lib

C:\Program Files\HI-TECH Software\PICC\LITE\9.60\lib\pcl32--u.lib

COMMON          rbss_0          21       21        1      20     1

TOTAL		Name          Link     Load   Length
	CLASS	CODE     
		init             0        0        2
		end_init         2        2        1
		text5          7C0      7C0        4
		text4          7D6      7D6        D
		text6          7BE      7BE        2
		text3          7BC      7BC        2
		text0          7C9      7C9        D
		text2          7E3      7E3       1D
		text1          7C4      7C4        5

	CLASS	CONST    

	CLASS	ENTRY    

	CLASS	STRING   

	CLASS	BANK0    
		rbss_0          20       20        2

	CLASS	BANK1    

	CLASS	COMBANK  

	CLASS	CONFIG   
		config        2007     2007        1

	CLASS	IDLOC    

	CLASS	EEDATA   

	CLASS	BANK3    

	CLASS	BANK2    



SEGMENTS	Name		Load	Length	 Top	Selector    Space Class

		reset_vec       000000	000003	000003	       0       0  CODE    
		rbit_0          000020	000002	000022	      20       1  BANK0   
		text3           0007BC	000002	0007BE	     F78       0  CODE    
		text6           0007BE	000002	0007C0	     F7C       0  CODE    
		text5           0007C0	000004	0007C4	     F80       0  CODE    
		text1           0007C4	000005	0007C9	     F88       0  CODE    
		text0           0007C9	00000D	0007D6	     F92       0  CODE    
		text4           0007D6	00000D	0007E3	     FAC       0  CODE    
		text2           0007E3	00001D	000800	     FC6       0  CODE    
		config          002007	000001	002008	    400E       0  CONFIG  


UNUSED ADDRESS RANGES

	BANK0            0022-007F
	BANK1            00A0-00EF
	CODE             0003-07BB
	COMBANK          0070-007F
	CONST            0003-07BB
	EEDATA           2100-21FF
	ENTRY            0003-07BB
	IDLOC            2000-2003
	STRING           0003-07BB

                                  Symbol Table

?a_Delay_1S    rbss_0      0021  _Decide        text4       07D6
_Delay_1S      text0       07C9  _Do_Outputs    text5       07C0
_Get_Inputs    text3       07BC  _Initialize    text2       07E3
_LED_Output    rbss_0      0020  _Timing        text6       07BE
__Beeprom_data eeprom_data 2100  __Bnvbit_0     nvbit_0     0006
__Bnvbit_1     nvbit_1     00A0  __Bnvbit_2     nvbit_2     0006
__Bnvbit_3     nvbit_3     0006  __Bptbit_0     ptbit_0     0006
__Brbit_0      rbit_0      0020  __Brbit_1      rbit_1      00A0
__Brbit_2      rbit_2      0006  __Brbit_3      rbit_3      0006
__Hclrtext     clrtext     0003  __Hcode        code        0006
__Hcommon_ram  common_ram  0006  __Hconfig      config      2008
__Heeprom_data eeprom_data 0000  __Hend_init    end_init    0003
__Hfloat_text0 float_text0 0003  __Hfloat_text1 float_text1 0003
__Hfloat_text2 float_text2 0003  __Hfloat_text3 float_text3 0003
__Hfloat_text4 float_text4 0003  __Hidata_0     idata_0     0003
__Hidata_1     idata_1     0003  __Hidata_2     idata_2     0006
__Hidata_3     idata_3     0006  __Hidloc       idloc       2000
__Hinit        init        0002  __Hinit23      init23      0006
__Hintcode     intcode     0000  __Hintentry    intentry    0000
__Hintret      intret      0000  __Hintsave     intsave     0006
__Hintsave_0   intsave_0   0070  __Hintsave_1   intsave_1   00A0
__Hintsave_2   intsave_2   0006  __Hintsave_3   intsave_3   0006
__Hmaintext    maintext    0003  __Hnvbit_0     nvbit_0     0030
__Hnvbit_1     nvbit_1     0500  __Hnvbit_2     nvbit_2     0030
__Hnvbit_3     nvbit_3     0030  __Hnvram       nvram       0022
__Hnvram_1     nvram_1     00A0  __Hnvram_2     nvram_2     0006
__Hnvram_3     nvram_3     0006  __Hpowerup     powerup     0003
__Hpstrings    pstrings    0003  __Hptbit_0     ptbit_0     0030
__Hrbit_0      rbit_0      0100  __Hrbit_1      rbit_1      0500
__Hrbit_2      rbit_2      0030  __Hrbit_3      rbit_3      0030
__Hrbss_0      rbss_0      0022  __Hrbss_1      rbss_1      00A0
__Hrbss_2      rbss_2      0006  __Hrbss_3      rbss_3      0006
__Hrdata_0     rdata_0     0022  __Hrdata_1     rdata_1     00A0
__Hrdata_2     rdata_2     0006  __Hrdata_3     rdata_3     0006
__Hreset_vec   reset_vec   0000  __Hstrings     strings     0003
__Hstringtable stringtable 0003  __Hstruct      struct      0022
__Htemp        temp        0070  __Htext        text        0006
__Lclrtext     clrtext     0003  __Lcode        code        0006
__Lcommon_ram  common_ram  0006  __Lconfig      config      2007
__Leeprom_data eeprom_data 0000  __Lend_init    end_init    0002
__Lfloat_text0 float_text0 0003  __Lfloat_text1 float_text1 0003
__Lfloat_text2 float_text2 0003  __Lfloat_text3 float_text3 0003
__Lfloat_text4 float_text4 0003  __Lidata_0     idata_0     0003
__Lidata_1     idata_1     0003  __Lidata_2     idata_2     0006
__Lidata_3     idata_3     0006  __Lidloc       idloc       2000
__Linit        init        0000  __Linit23      init23      0006
__Lintcode     intcode     0000  __Lintentry    intentry    0000
__Lintret      intret      0000  __Lintsave     intsave     0006
__Lintsave_0   intsave_0   0070  __Lintsave_1   intsave_1   00A0
__Lintsave_2   intsave_2   0006  __Lintsave_3   intsave_3   0006
__Lmaintext    maintext    0003  __Lnvbit_0     nvbit_0     0030
__Lnvbit_1     nvbit_1     0500  __Lnvbit_2     nvbit_2     0030
__Lnvbit_3     nvbit_3     0030  __Lnvram       nvram       0022
__Lnvram_1     nvram_1     00A0  __Lnvram_2     nvram_2     0006
__Lnvram_3     nvram_3     0006  __Lpowerup     powerup     0003
__Lpstrings    pstrings    0003  __Lptbit_0     ptbit_0     0030
__Lrbit_0      rbit_0      0100  __Lrbit_1      rbit_1      0500
__Lrbit_2      rbit_2      0030  __Lrbit_3      rbit_3      0030
__Lrbss_0      rbss_0      0020  __Lrbss_1      rbss_1      00A0
__Lrbss_2      rbss_2      0006  __Lrbss_3      rbss_3      0006
__Lrdata_0     rdata_0     0022  __Lrdata_1     rdata_1     00A0
__Lrdata_2     rdata_2     0006  __Lrdata_3     rdata_3     0006
__Lreset_vec   reset_vec   0000  __Lstrings     strings     0003
__Lstringtable stringtable 0003  __Lstruct      struct      0022
__Ltemp        temp        0070  __Ltext        text        0006
__S0           (abs)       2008  __S1           (abs)       00A0
__S2           (abs)       2100  _exit          init        0000
_main          text1       07C4  clear_bank0    init        0000
clear_bit0     init        0000  intlevel0      intentry    0000
intlevel1      intentry    0000  reset_vec      reset_vec   0000
start          init        0000  
