

HI-TECH Software PICC Macro Assembler V9.60PL2
                                                      Mon Feb 09 13:52:59 2009


     1                           	processor	16F690
     2                           	opt	pw 79
     3                           	psect	text0,local,class=CODE,delta=2
     4                           	psect	config,global,class=CONFIG,delta=2
     5                           	psect	text1,local,class=CODE,delta=2
     6                           	psect	intcode,global,class=CODE,delta=2
     7                           	psect	intsave_0,global,ovrld,class=COMBANK,spa
      +                          ce=1,delta=1
     8                           	psect	intret,global,class=CODE,delta=2
     9                           	psect	intentry,global,class=CODE,delta=2
    10                           	psect	intsave,global,class=BANK0,space=1,delta
      +                          =1
    11                           	psect	text2,local,class=CODE,delta=2
    12                           	psect	text3,local,class=CODE,delta=2
    13                           	psect	text4,local,class=CODE,delta=2
    14                           	psect	text5,local,class=CODE,delta=2
    15                           	psect	text6,local,class=CODE,delta=2
    16                           	psect	text7,local,class=CODE,delta=2
    17                           	psect	text8,local,class=CODE,delta=2
    18                           	psect	rbit_0,global,bit,class=BANK0,space=1,de
      +                          lta=1
    19                           	psect	rbss_0,global,class=BANK0,space=1,delta=
      +                          1
    20  0000                     
    21  0000                     
    22  0000                     
    23  0000                     
    24  0000                     
    25  0000                     
    26  0000                     
    27  0000                     
    28  0000                     
    29  0000                     	;#
    30                           
    31                           	psect	text0
    32  0083                     _Delay_5mS
    33                           ;GPIO_Lab7.c: 75: void Delay_5mS(void)
    34  0083  110B               	bcf	11,2
    35                           ;GPIO_Lab7.c: 80: TMR0 = 100;
    36  0084  3064               	movlw	100
    37  0085  1283               	bcf	3,5
    38  0086  1303               	bcf	3,6	;carry unused
    39  0087  0081               	movwf	1	;volatile
    40                           ;GPIO_Lab7.c: 82: while (T0IF == 0);
    41  0088                     l2
    42  0088  190B               	btfsc	11,2
    43  0089  0008               	return
    44  008A  2888               	goto	l2
    45                           
    46                           	psect	config
    47  2007  30D4               	dw	12500	;#
    48                           
    49                           	psect	intcode
    50  0008                     _PB_PressISR
    51  0008                     int_func
    52                           ;GPIO_Lab7.c: 95: void interrupt PB_PressISR(vo
      +                          id)
    53  0008  198B               	btfsc	11,3
    54  0009  1C0B               	btfss	11,0
    55  000A  280C               	goto	l6
    56  000B  100B               	bcf	11,0
    57  000C                     l6
    58                           ;GPIO_Lab7.c: 103: if(RA2 == 0)
    59  000C  1283               	bcf	3,5
    60  000D  1303               	bcf	3,6	;carry unused
    61  000E  1905               	btfsc	5,2
    62  000F  2814               	goto	l7
    63                           ;GPIO_Lab7.c: 104: {
    64  0010  2083               	call	_Delay_5mS
    65                           ;GPIO_Lab7.c: 108: if (RA2 == 0) direction = 1;
    66  0011  1905               	btfsc	5,2
    67  0012  2814               	goto	l7
    68  0013  1420               	bsf	_direction/(0+8),_direction& (0+7)
    69  0014                     l7
    70                           ;GPIO_Lab7.c: 109: }
    71  0014  1D05               	btfss	5,2
    72  0015  281A               	goto	l9
    73                           ;GPIO_Lab7.c: 113: {
    74  0016  2083               	call	_Delay_5mS
    75                           ;GPIO_Lab7.c: 117: if (RA2 == 1) direction = 0;
    76  0017  1D05               	btfss	5,2
    77  0018  281F               	goto	l11
    78  0019  281E               	goto	u90
    79                           ;GPIO_Lab7.c: 118: }
    80  001A                     l9
    81                           ;GPIO_Lab7.c: 120: else direction = direction;
    82  001A  1C20               	btfss	_direction/(0+8),_direction& (0+7)
    83  001B  281F               	goto	l11
    84  001C  1420               	bsf	_direction/(0+8),_direction& (0+7)
    85  001D  281F               	goto	l11
    86  001E                     u90
    87  001E  1020               	bcf	_direction/(0+8),_direction& (0+7)
    88  001F                     l11
    89                           ;GPIO_Lab7.c: 122: PORTA = PORTA;
    90  001F  1283               	bcf	3,5
    91  0020  1303               	bcf	3,6	;carry unused
    92  0021  0805               	movf	5,w	;volatile
    93  0022  0085               	movwf	5	;volatile
    94                           
    95                           	psect	intsave_0
    96  007F                     saved_w
                     saved_w
    97  007F                     	ds	1
    98                           
    99                           	psect	intret
   100  0023                     int_restore
   101  0023  0824               	movf	saved_status,w
   102  0024  0083               	movwf	3
   103  0025  0EFF               	swapf	saved_w
   104  0026  0E7F               	swapf	saved_w,w
   105  0027  0009               	retfie
   106                           
   107                           	psect	intentry
   108  0004                     int_entry
   109  0004  00FF               	movwf	saved_w
   110  0005  0803               	movf	3,w
   111  0006  0183               	clrf	3
   112  0007  00A4               	movwf	saved_status
   113                           
   114                           	psect	intsave
   115  0024                     saved_status
                     saved_status
   116  0024                     	ds	1
   117                           
   118                           	psect	text2
   119  008B                     _main
   120                           ;GPIO_Lab7.c: 133: void main(void)
   121  008B  202D               	call	_Initialize
   122  008C                     l14
   123                           ;GPIO_Lab7.c: 136: while(1)
   124                           ;GPIO_Lab7.c: 137: {
   125  008C  205A               	call	_Decide
   126                           ;GPIO_Lab7.c: 139: Do_Outputs();
   127  008D  2090               	call	_Do_Outputs
   128                           ;GPIO_Lab7.c: 140: Timing();
   129  008E  2075               	call	_Timing
   130  008F  288C               	goto	l14
   131                           
   132                           	psect	text3
   133  002D                     _Initialize
   134                           ;GPIO_Lab7.c: 153: void Initialize(void)
   135  002D  3001               	movlw	1
   136  002E  0183               	clrf	3	;select bank 0
   137  002F  0087               	movwf	7	;volatile
   138                           ;GPIO_Lab7.c: 160: PORTA = 0b00000000;
   139  0030  0185               	clrf	5	;volatile
   140                           ;GPIO_Lab7.c: 162: ANS4 = 0;
   141  0031  1703               	bsf	3,6
   142  0032  121E               	bcf	30,4
   143                           ;GPIO_Lab7.c: 163: ANS5 = 0;
   144  0033  129E               	bcf	30,5
   145                           ;GPIO_Lab7.c: 164: ANS6 = 0;
   146  0034  131E               	bcf	30,6
   147                           ;GPIO_Lab7.c: 165: ANS7 = 0;
   148  0035  139E               	bcf	30,7
   149                           ;GPIO_Lab7.c: 166: ANS8 = 0;
   150  0036  101F               	bcf	31,0
   151                           ;GPIO_Lab7.c: 167: ANS9 = 0;
   152  0037  109F               	bcf	31,1
   153                           ;GPIO_Lab7.c: 170: TRISC0 = 0;
   154  0038  1683               	bsf	3,5
   155  0039  1303               	bcf	3,6	;carry unused
   156  003A  1007               	bcf	7,0
   157                           ;GPIO_Lab7.c: 171: TRISC1 = 0;
   158  003B  1087               	bcf	7,1
   159                           ;GPIO_Lab7.c: 172: TRISC2 = 0;
   160  003C  1107               	bcf	7,2
   161                           ;GPIO_Lab7.c: 173: TRISC3 = 0;
   162  003D  1187               	bcf	7,3
   163                           ;GPIO_Lab7.c: 174: TRISC4 = 0;
   164  003E  1207               	bcf	7,4
   165                           ;GPIO_Lab7.c: 175: TRISC5 = 0;
   166  003F  1287               	bcf	7,5
   167                           ;GPIO_Lab7.c: 176: TRISC6 = 0;
   168  0040  1307               	bcf	7,6
   169                           ;GPIO_Lab7.c: 177: TRISC7 = 0;
   170  0041  1387               	bcf	7,7
   171                           ;GPIO_Lab7.c: 179: ANS2 = 0;
   172  0042  1283               	bcf	3,5
   173  0043  1703               	bsf	3,6
   174  0044  111E               	bcf	30,2
   175                           ;GPIO_Lab7.c: 180: TRISA2 = 1;
   176  0045  1683               	bsf	3,5
   177  0046  1303               	bcf	3,6	;carry unused
   178  0047  1505               	bsf	5,2
   179                           ;GPIO_Lab7.c: 182: T0CS = 0;
   180  0048  1281               	bcf	1,5
   181                           ;GPIO_Lab7.c: 183: T0SE = 0;
   182  0049  1201               	bcf	1,4
   183                           ;GPIO_Lab7.c: 184: PSA = 0;
   184  004A  1181               	bcf	1,3
   185                           ;GPIO_Lab7.c: 186: PS0 = 0;
   186  004B  1001               	bcf	1,0
   187                           ;GPIO_Lab7.c: 187: PS1 = 0;
   188  004C  1081               	bcf	1,1
   189                           ;GPIO_Lab7.c: 188: PS2 = 1;
   190  004D  1501               	bsf	1,2
   191                           ;GPIO_Lab7.c: 192: direction = 0;
   192  004E  1283               	bcf	3,5
   193  004F  1020               	bcf	_direction/(0+8),_direction& (0+7)
   194                           ;GPIO_Lab7.c: 194: LED_Output = 0b00000000;
   195  0050  01A1               	clrf	_LED_Output
   196                           ;GPIO_Lab7.c: 196: IOCA2 = 1;
   197  0051  1683               	bsf	3,5
   198  0052  1516               	bsf	22,2
   199                           ;GPIO_Lab7.c: 197: RABIE = 1;
   200  0053  158B               	bsf	11,3
   201                           ;GPIO_Lab7.c: 198: RABIF = 0;
   202  0054  100B               	bcf	11,0
   203                           ;GPIO_Lab7.c: 199: GIE = 1;
   204  0055  178B               	bsf	11,7
   205                           ;GPIO_Lab7.c: 202: PORTA = PORTA;
   206  0056  1283               	bcf	3,5
   207  0057  0805               	movf	5,w	;volatile
   208  0058  0085               	movwf	5	;volatile
   209                           ;GPIO_Lab7.c: 203: }
   210  0059  0008               	return	;W free
   211                           
   212                           	psect	text4
   213  0094                     _Get_Inputs
   214                           ;GPIO_Lab7.c: 211: void Get_Inputs(void)
   215  0094  0183               	clrf	3	;select bank 0
   216  0095  0008               	return	;W free
   217                           
   218                           	psect	text5
   219  005A                     _Decide
   220                           ;GPIO_Lab7.c: 223: void Decide(void)
   221  005A  0183               	clrf	3	;select bank 0
   222  005B  1820               	btfsc	_direction/(0+8),_direction& (0+7)
   223  005C  2869               	goto	l19
   224                           ;GPIO_Lab7.c: 226: {
   225  005D  0B21               	decfsz	_LED_Output,w
   226  005E  2860               	goto	u121
   227  005F  2863               	goto	u140
   228  0060                     u121
   229  0060  08A1               	movf	_LED_Output
   230  0061  1D03               	btfss	3,2
   231  0062  2866               	goto	l20
   232  0063                     u140
   233  0063  3080               	movlw	-128
   234  0064  00A1               	movwf	_LED_Output
   235  0065  0008               	return
   236  0066                     l20
   237                           ;GPIO_Lab7.c: 237: else LED_Output >>=1;
   238  0066  1003               	bcf	3,0
   239  0067  0CA1               	rrf	_LED_Output
   240                           ;GPIO_Lab7.c: 238: }
   241  0068  0008               	return
   242  0069                     l19
   243                           ;GPIO_Lab7.c: 239: else
   244  0069  0821               	movf	_LED_Output,w
   245  006A  3A80               	xorlw	-128
   246  006B  1D03               	btfss	3,2
   247  006C  08A1               	movf	_LED_Output
   248  006D  1D03               	btfss	3,2
   249  006E  2872               	goto	l23
   250  006F  01A1               	clrf	_LED_Output
   251  0070  0AA1               	incf	_LED_Output
   252  0071  0008               	return
   253  0072                     l23
   254                           ;GPIO_Lab7.c: 251: else LED_Output <<=1;
   255  0072  1003               	bcf	3,0
   256  0073  0DA1               	rlf	_LED_Output
   257                           ;GPIO_Lab7.c: 252: }
   258  0074  0008               	return	;W free
   259                           
   260                           	psect	text6
   261  0090                     _Do_Outputs
   262                           ;GPIO_Lab7.c: 262: void Do_Outputs(void)
   263  0090  0183               	clrf	3	;select bank 0
   264  0091  0821               	movf	_LED_Output,w
   265  0092  0087               	movwf	7	;volatile
   266                           ;GPIO_Lab7.c: 267: }
   267  0093  0008               	return	;W free
   268                           
   269                           	psect	text7
   270  0075                     _Timing
   271                           ;	_delay_var assigned to ?a_Timing+0
   272  0000                     _Timing$delay_var	set	?a_Timing
   273                           ;GPIO_Lab7.c: 275: void Timing(void)
   274  0075  300D               	movlw	13
   275  0076  0183               	clrf	3	;select bank 0
   276  0077  00A2               	movwf	?a_Timing
   277  0078  3027               	movlw	39
   278  0079  00A3               	movwf	?a_Timing+1
   279                           ;GPIO_Lab7.c: 281: while(--delay_var);
   280  007A                     l27
   281  007A  30FF               	movlw	-1
   282  007B  07A2               	addwf	?a_Timing
   283  007C  1C03               	btfss	3,0
   284  007D  03A3               	decf	?a_Timing+1
   285  007E  0823               	movf	?a_Timing+1,w
   286  007F  0422               	iorwf	?a_Timing,w
   287  0080  1903               	btfsc	3,2
   288  0081  0008               	return
   289  0082  287A               	goto	l27
   290                           
   291                           	psect	text8
   292  0000                     
   293  0000                     
   294  0000                     
   295  0000                     
   296  0000                     
   297  0000                     
   298  0000                     
   299  0000                     
   300  0000                     
   301  0000                     
   302  0000                     
   303  0000                     
   304  0000                     
   305  0000                     
   306  0000                     
   307  0000                     
   308  0000                     
   309  0000                     
   310  0000                     
   311  0000                     
   312  0000                     
   313  0000                     
   314  0000                     
   315  0000                     
   316  0000                     
   317  0000                     
   318  0000                     
   319  0000                     
   320  0000                     
   321  0000                     
   322  0000                     
   323  0000                     
   324  0000                     
   325  0000                     
   326  0000                     
   327  0000                     
   328  0000                     
   329  0000                     
   330  0000                     
   331  0000                     
   332  0000                     
   333  0000                     
   334  0000                     
   335  0000                     
   336  0000                     
   337  0000                     
   338  0000                     
   339  0000                     
   340  0000                     
   341  0000                     
   342  0000                     
   343  0000                     
   344  0000                     
   345  0000                     
   346  0000                     
   347  0000                     
   348  0000                     
   349  0000                     
   350  0000                     
   351  0000                     
   352  0000                     
   353  0000                     
   354  0000                     
   355  0000                     
   356  0000                     
   357  0000                     
   358  0000                     
   359  0000                     
   360  0000                     
   361  0000                     
   362  0000                     
   363  0000                     
   364  0000                     
   365  0000                     
   366  0000                     
   367  0000                     
   368  0000                     
   369  0000                     
   370  0000                     
   371  0000                     
   372  0000                     
   373  0000                     
   374  0000                     
   375  0000                     
   376  0000                     
   377  0000                     
   378  0000                     
   379  0000                     
   380  0000                     
   381  0000                     
   382  0000                     
   383  0000                     
   384  0000                     
   385  0000                     
   386  0000                     
   387  0000                     
   388  0000                     
   389  0000                     
   390  0000                     
   391  0000                     
   392  0000                     
   393  0000                     
   394  0000                     
   395  0000                     
   396  0000                     
   397  0000                     
   398  0000                     
   399  0000                     
   400  0000                     
   401  0000                     
   402  0000                     
   403  0000                     
   404  0000                     
   405  0000                     
   406  0000                     
   407  0000                     
   408  0000                     
   409  0000                     
   410  0000                     
   411  0000                     
   412  0000                     
   413  0000                     
   414  0000                     
   415  0000                     
   416  0000                     
   417  0000                     
   418  0000                     
   419  0000                     
   420  0000                     
   421  0000                     
   422  0000                     
   423  0000                     
   424  0000                     
   425  0000                     
   426  0000                     
   427  0000                     
   428  0000                     
   429  0000                     
   430  0000                     
   431  0000                     
   432  0000                     
   433  0000                     
   434  0000                     
   435  0000                     
   436  0000                     
   437  0000                     
   438  0000                     
   439  0000                     
   440  0000                     
   441  0000                     
   442  0000                     
   443  0000                     
   444  0000                     
   445  0000                     
   446  0000                     
   447  0000                     
   448  0000                     
   449  0000                     
   450  0000                     
   451  0000                     
   452  0000                     
   453  0000                     
   454  0000                     
   455  0000                     
   456  0000                     
   457  0000                     
   458  0000                     
   459  0000                     
   460  0000                     
   461  0000                     
   462  0000                     
   463  0000                     
   464  0000                     
   465  0000                     
   466  0000                     
   467  0000                     
   468  0000                     
   469  0000                     
   470  0000                     
   471  0000                     
   472  0000                     
   473  0000                     
   474  0000                     
   475  0000                     
   476  0000                     
   477  0000                     
   478  0000                     
   479  0000                     
   480  0000                     
   481  0000                     
   482  0000                     
   483  0000                     
   484  0000                     
   485  0000                     
   486  0000                     
   487  0000                     
   488  0000                     
   489  0000                     
   490  0000                     
   491  0000                     
   492  0000                     
   493  0000                     
   494  0000                     
   495  0000                     
   496  0000                     
   497  0000                     
   498  0000                     
   499  0000                     
   500  0000                     
   501  0000                     
   502  0000                     
   503  0000                     
   504  0000                     
   505  0000                     
   506  0000                     
   507  0000                     
   508  0000                     
   509  0000                     
   510  0000                     
   511  0000                     
   512  0000                     
   513  0000                     
   514  0000                     
   515  0000                     
   516  0000                     
   517  0000                     
   518  0000                     
   519  0000                     
   520  0000                     
   521  0000                     
   522  0000                     
   523  0000                     
   524  0000                     
   525  0000                     
   526  0000                     
   527  0000                     
   528  0000                     
   529  0000                     
   530  0000                     
   531  0000                     
   532  0000                     
   533  0000                     
   534  0000                     
   535  0000                     
   536  0000                     
   537  0000                     
   538  0000                     
   539  0000                     
   540  0000                     
   541  0000                     
   542  0000                     
   543  0000                     
   544  0000                     
   545  0000                     
   546  0000                     
   547  0000                     
   548  0000                     
   549  0000                     
   550  0000                     
   551  0000                     
   552  0000                     
   553  0000                     
   554  0000                     
   555  0000                     
   556  0000                     
   557  0000                     
   558  0000                     
   559  0000                     
   560  0000                     
   561  0000                     
   562  0000                     
   563  0000                     
   564  0000                     
   565  0000                     
   566  0000                     
   567  0000                     
   568  0000                     
   569  0000                     
   570  0000                     
   571  0000                     
   572  0000                     
   573  0000                     
   574  0000                     
   575                           
   576                           	psect	rbit_0
   577  0100                     _direction
                     _direction
   578  0100                     	ds	1
   579  0000                     
   580  0000                     
   581  0000                     
   582  0000                     
   583  0000                     
   584  0000                     
   585  0000                     
   586  0000                     
   587  0000                     
   588  0000                     
   589  0000                     
   590  0000                     
   591  0000                     
   592  0000                     
   593  0000                     
   594  0000                     
   595  0000                     
   596  0000                     
   597  0000                     
   598  0000                     
   599  0000                     
   600  0000                     
   601  0000                     
   602  0000                     
   603  0000                     
   604  0000                     
   605  0000                     
   606                           
   607                           	psect	rbss_0
   608  0021                     _LED_Output
                     _LED_Output
   609  0021                     	ds	1
   610  0000                     
   611  0000                     
   612  0000                     
   613  0000                     
   614  0000                     
   615  0000                     
   616  0000                     
   617  0000                     
   618  0000                     
   619  0000                     
   620  0000                     
   621  0000                     
   622  0000                     
   623  0000                     
   624  0000                     
   625  0000                     
   626  0000                     
   627  0000                     
   628  0000                     
   629  0000                     
   630  0000                     
   631  0000                     
   632  0000                     
   633  0000                     
   634  0000                     
   635  0000                     
   636  0000                     
   637  0000                     
   638  0000                     
   639  0000                     
   640  0000                     
   641  0000                     
   642  0000                     
   643  0000                     
   644  0000                     
   645  0000                     
   646  0000                     
   647  0000                     
   648  0000                     
   649  0000                     
   650  0000                     
   651  0000                     


HI-TECH Software PICC Macro Assembler V9.60PL2
Symbol Table                                          Mon Feb 09 13:52:59 2009

      _Initialize 002D                 l2 0088                 l6 000C  
               l7 0014                 l9 001A          ?a_Timing 0022  
              l11 001F                l20 0066                l14 008C  
              l23 0072                l27 007A                l19 0069  
              u90 001E               u121 0060               u140 0063  
          _Decide 005A         _direction 0100            _Timing 0075  
       _Delay_5mS 0083              _main 008B              start 0028  
          saved_w 007F        _LED_Output 0021          int_entry 0004  
      _Do_Outputs 0090        _Get_Inputs 0094       saved_status 0024  
           status 0003           int_func 0008       _PB_PressISR 0008  
      int_restore 0023  
