HI-TECH Software C Compiler 

Linker command line:

--edf=C:\Program Files\HI-TECH Software\PICC\PRO\9.60\dat\en_msgs.txt -cs \
  -h+Comparator_Lab3.sym -z -Q16F690 -ol.obj -MComparator_Lab3.map -E1 \
  -ACODE=00h-07FFhx2 -ACONST=00h-0FFhx16 -AENTRY=00h-0FFhx16 \
  -ASTRING=00h-0FFhx16 -ARAM=020h-06Fh,0A0h-0EFh,0120h-016Fh \
  -AABS1=020h-07Fh,0A0h-0EFh,0120h-016Fh -ABANK0=020h-07Fh \
  -ABANK1=0A0h-0EFh -ABANK2=0120h-016Fh -ACOMMON=070h-07Fh \
  -preset_vec=00h,intentry=04h,intcode,intret,init,init23,end_init,clrtext,maintext,pstrings \
  -pstrings=CODE -ppowerup=CODE -ptemp=-COMMON -pcommon=-COMMON \
  -prbss_0=BANK0,rbit_0=BANK0,rdata_0=BANK0,idata_0=CODE -pnvram=BANK0 \
  -prbss_1=BANK1,rbit_1=BANK1,rdata_1=BANK1,idata_1=CODE \
  -pnvram_1=BANK1,nvbit_1=BANK1 \
  -prbss_2=BANK2,rbit_2=BANK2,rdata_2=BANK2,idata_2=CODE \
  -pnvram_2=BANK2,nvbit_2=BANK2 -pidata=CODE -pfnautoc=COMMON \
  -pfnauto0=BANK0 -pfnauto1=BANK1 -pfnauto2=BANK2 -ACONFIG=02007h-02007h \
  -pconfig=CONFIG -DCONFIG=2 -AIDLOC=02000h-02003h -pidloc=IDLOC -DIDLOC=2 \
  -AEEDATA=00h-0FFh/02100h -peeprom_data=EEDATA -DEEDATA=2 \
  -pfloat_text0=CODE,float_text1=CODE,float_text2=CODE \
  -pfloat_text3=CODE,float_text4=CODE -DCODE=2 startup.obj \
  Comparator_Lab3.obj 

Object code version is 3.10

Machine type is 16F690

Call graph: (short form)


                Name          Link     Load   Length Selector Space Scale
startup.obj     clrtext         19       19        8       8     0
                end_init        16       16        3       8     0
                init             F        F        7       8     0
                reset_vec        0        0        3       0     0
Comparator_Lab3.obj
                intentry         4        4        B       8     0
                maintext        21       21        6       8     0
                config        2007     2007        1    400E     0
                intrtext        71       71       31       8     0
                text28          27       27       4A       8     0

COMMON          fnautoc         70       70        5      70     1

TOTAL           Name          Link     Load   Length  Space
        CLASS   CODE           
                intentry         4        4        B     0
                maintext        21       21        6     0
                clrtext         19       19        8     0
                end_init        16       16        3     0
                init             F        F        7     0
                reset_vec        0        0        3     0
                intrtext        71       71       31     0
                text28          27       27       4A     0

        CLASS   CONST          

        CLASS   ENTRY          

        CLASS   STRING         

        CLASS   RAM            

        CLASS   ABS1           
                abs_s1          7B       7B        5     1

        CLASS   BANK0          

        CLASS   BANK1          

        CLASS   BANK2          

        CLASS   COMMON         
                fnautoc         70       70        5     1

        CLASS   CONFIG         
                config        2007     2007        1     0

        CLASS   IDLOC          

        CLASS   EEDATA         

        CLASS   BANK3          



SEGMENTS        Name           Load    Length   Top     Selector    Space Class Delta

                reset_vec       000000  000003  000003         0       0  CODE        2
                intentry        000004  00009E  0000A2         8       0  CODE        2
                fnautoc         000070  000005  000075        70       1  COMMON      1
                config          002007  000001  002008      400E       0  CONFIG      2


UNUSED ADDRESS RANGES

        BANK0            0020-006F     1
                         0075-007A
        BANK1            00A0-00EF     1
        BANK2            0120-016F     1
        CODE             0003-0003     2
                         00A2-0FFF
        COMMON           0075-007A     1
        CONST            0006-0007     1
                         0144-0FFF
        EEDATA           2100-21FF     2
        ENTRY            0006-0007     1
                         0144-0FFF
        IDLOC            2000-2003     2
        RAM              0144-016F     1
        STRING           0006-0007     1
                         0144-0FFF

                                  Symbol Table

??_Initialize       fnautoc     0070  ??_TMR0_ISR         fnautoc     0070
??_main             fnautoc     0070  ?_Initialize        fnautoc     0070
?_TMR0_ISR          fnautoc     0070  ?_main              fnautoc     0070
_ABDEN              (abs)       04D8  _ABDOVF             (abs)       04DF
_ADCON0             (abs)       001F  _ADCON1             (abs)       009F
_ADCS0              (abs)       04FC  _ADCS1              (abs)       04FD
_ADCS2              (abs)       04FE  _ADDEN              (abs)       00C3
_ADFM               (abs)       00FF  _ADIE               (abs)       0466
_ADIF               (abs)       0066  _ADON               (abs)       00F8
_ADRESH             (abs)       001E  _ADRESL             (abs)       009E
_ANS0               (abs)       08F0  _ANS1               (abs)       08F1
_ANS10              (abs)       08FA  _ANS11              (abs)       08FB
_ANS2               (abs)       08F2  _ANS3               (abs)       08F3
_ANS4               (abs)       08F4  _ANS5               (abs)       08F5
_ANS6               (abs)       08F6  _ANS7               (abs)       08F7
_ANS8               (abs)       08F8  _ANS9               (abs)       08F9
_ANSEL              (abs)       011E  _ANSELH             (abs)       011F
_BAUDCTL            (abs)       009B  _BF                 (abs)       04A0
_BOR                (abs)       0470  _BRG0               (abs)       04C8
_BRG1               (abs)       04C9  _BRG10              (abs)       04D2
_BRG11              (abs)       04D3  _BRG12              (abs)       04D4
_BRG13              (abs)       04D5  _BRG14              (abs)       04D6
_BRG15              (abs)       04D7  _BRG16              (abs)       04DB
_BRG2               (abs)       04CA  _BRG3               (abs)       04CB
_BRG4               (abs)       04CC  _BRG5               (abs)       04CD
_BRG6               (abs)       04CE  _BRG7               (abs)       04CF
_BRG8               (abs)       04D0  _BRG9               (abs)       04D1
_BRGH               (abs)       04C2  _C1CH0              (abs)       08C8
_C1CH1              (abs)       08C9  _C1IE               (abs)       046D
_C1IF               (abs)       006D  _C1OE               (abs)       08CD
_C1ON               (abs)       08CF  _C1OUT              (abs)       08CE
_C1POL              (abs)       08CC  _C1R                (abs)       08CA
_C1SEN              (abs)       0CF5  _C1VREN             (abs)       08C7
_C2CH0              (abs)       08D0  _C2CH1              (abs)       08D1
_C2IE               (abs)       046E  _C2IF               (abs)       006E
_C2OE               (abs)       08D5  _C2ON               (abs)       08D7
_C2OUT              (abs)       08D6  _C2POL              (abs)       08D4
_C2R                (abs)       08D2  _C2REN              (abs)       0CF4
_C2SYNC             (abs)       08D8  _C2VREN             (abs)       08C6
_CARRY              (abs)       0018  _CCP1CON            (abs)       0017
_CCP1IE             (abs)       0462  _CCP1IF             (abs)       0062
_CCP1M0             (abs)       00B8  _CCP1M1             (abs)       00B9
_CCP1M2             (abs)       00BA  _CCP1M3             (abs)       00BB
_CCPR1H             (abs)       0016  _CCPR1L             (abs)       0015
_CHS0               (abs)       00FA  _CHS1               (abs)       00FB
_CHS2               (abs)       00FC  _CHS3               (abs)       00FD
_CKE                (abs)       04A6  _CKP                (abs)       00A4
_CM1CON0            (abs)       0119  _CM2CON0            (abs)       011A
_CM2CON1            (abs)       011B  _CREN               (abs)       00C4
_CSRC               (abs)       04C7  _DA                 (abs)       04A5
_DC                 (abs)       0019  _DC1B0              (abs)       00BC
_DC1B1              (abs)       00BD  _ECCPAS             (abs)       001D
_ECCPAS0            (abs)       00EC  _ECCPAS1            (abs)       00ED
_ECCPAS2            (abs)       00EE  _ECCPASE            (abs)       00EF
_EEADR              (abs)       010D  _EEADRH             (abs)       010F
_EEADRL             (abs)       010D  _EECON1             (abs)       018C
_EECON2             (abs)       018D  _EEDAT              (abs)       010C
_EEDATA             (abs)       010C  _EEDATH             (abs)       010E
_EEDATL             (abs)       010C  _EEIE               (abs)       046C
_EEIF               (abs)       006C  _EEPGD              (abs)       0C67
_FERR               (abs)       00C2  _FSR                (abs)       0004
_GIE                (abs)       005F  _GODONE             (abs)       00F9
_HTS                (abs)       047A  _INDF               (abs)       0000
_INTCON             (abs)       000B  _INTE               (abs)       005C
_INTEDG             (abs)       040E  _INTF               (abs)       0059
_IOCA               (abs)       0096  _IOCA0              (abs)       04B0
_IOCA1              (abs)       04B1  _IOCA2              (abs)       04B2
_IOCA3              (abs)       04B3  _IOCA4              (abs)       04B4
_IOCA5              (abs)       04B5  _IOCB               (abs)       0116
_IOCB4              (abs)       08B4  _IOCB5              (abs)       08B5
_IOCB6              (abs)       08B6  _IOCB7              (abs)       08B7
_IRCF0              (abs)       047C  _IRCF1              (abs)       047D
_IRCF2              (abs)       047E  _IRP                (abs)       001F
_Initialize         text28      0027  _LED_Output         (abs)       007B
_LTS                (abs)       0479  _MC1OUT             (abs)       08DF
_MC2OUT             (abs)       08DE  _OERR               (abs)       00C1
_OPTION             (abs)       0081  _OSCCON             (abs)       008F
_OSCTUNE            (abs)       0090  _OSFIE              (abs)       046F
_OSFIF              (abs)       006F  _OSTS               (abs)       047B
_P1M0               (abs)       00BE  _P1M1               (abs)       00BF
_PCL                (abs)       0002  _PCLATH             (abs)       000A
_PCON               (abs)       008E  _PD                 (abs)       001B
_PDC0               (abs)       00E0  _PDC1               (abs)       00E1
_PDC2               (abs)       00E2  _PDC3               (abs)       00E3
_PDC4               (abs)       00E4  _PDC5               (abs)       00E5
_PDC6               (abs)       00E6  _PEIE               (abs)       005E
_PIE1               (abs)       008C  _PIE2               (abs)       008D
_PIR1               (abs)       000C  _PIR2               (abs)       000D
_POR                (abs)       0471  _PORTA              (abs)       0005
_PORTB              (abs)       0006  _PORTC              (abs)       0007
_PR2                (abs)       0092  _PRSEN              (abs)       00E7
_PS0                (abs)       0408  _PS1                (abs)       0409
_PS2                (abs)       040A  _PSA                (abs)       040B
_PSSAC0             (abs)       00EA  _PSSAC1             (abs)       00EB
_PSSBD0             (abs)       00E8  _PSSBD1             (abs)       00E9
_PSTRCON            (abs)       019D  _PULSR              (abs)       0CF2
_PULSS              (abs)       0CF3  _PWM1CON            (abs)       001C
_RA0                (abs)       0028  _RA1                (abs)       0029
_RA2                (abs)       002A  _RA3                (abs)       002B
_RA4                (abs)       002C  _RA5                (abs)       002D
_RABIE              (abs)       005B  _RABIF              (abs)       0058
_RABPU              (abs)       040F  _RB4                (abs)       0034
_RB5                (abs)       0035  _RB6                (abs)       0036
_RB7                (abs)       0037  _RBIE               (abs)       005B
_RBIF               (abs)       0058  _RBPU               (abs)       040F
_RC0                (abs)       0038  _RC1                (abs)       0039
_RC2                (abs)       003A  _RC3                (abs)       003B
_RC4                (abs)       003C  _RC5                (abs)       003D
_RC6                (abs)       003E  _RC7                (abs)       003F
_RCIDL              (abs)       04DE  _RCIE               (abs)       0465
_RCIF               (abs)       0065  _RCREG              (abs)       001A
_RCSTA              (abs)       0018  _RD                 (abs)       0C60
_RP0                (abs)       001D  _RP1                (abs)       001E
_RW                 (abs)       04A2  _RX9                (abs)       00C6
_RX9D               (abs)       00C0  _SBOREN             (abs)       0474
_SCKP               (abs)       04DC  _SCS                (abs)       0478
_SENDB              (abs)       04C3  _SMP                (abs)       04A7
_SPBRG              (abs)       0099  _SPBRGH             (abs)       009A
_SPEN               (abs)       00C7  _SR0                (abs)       0CF6
_SR1                (abs)       0CF7  _SRCON              (abs)       019E
_SREN               (abs)       00C5  _SSPADD             (abs)       0093
_SSPBUF             (abs)       0013  _SSPCON             (abs)       0014
_SSPEN              (abs)       00A5  _SSPIE              (abs)       0463
_SSPIF              (abs)       0063  _SSPM0              (abs)       00A0
_SSPM1              (abs)       00A1  _SSPM2              (abs)       00A2
_SSPM3              (abs)       00A3  _SSPMSK             (abs)       0093
_SSPOV              (abs)       00A6  _SSPSTAT            (abs)       0094
_START              (abs)       04A3  _STATUS             (abs)       0003
_STOP               (abs)       04A4  _STRA               (abs)       0CE8
_STRB               (abs)       0CE9  _STRC               (abs)       0CEA
_STRD               (abs)       0CEB  _STRSYNC            (abs)       0CEC
_SWDTEN             (abs)       04B8  _SYNC               (abs)       04C4
_T0CS               (abs)       040D  _T0IE               (abs)       005D
_T0IF               (abs)       005A  _T0SE               (abs)       040C
_T1CKPS0            (abs)       0084  _T1CKPS1            (abs)       0085
_T1CON              (abs)       0010  _T1GINV             (abs)       0087
_T1GSS              (abs)       08D9  _T1OSCEN            (abs)       0083
_T1SYNC             (abs)       0082  _T2CKPS0            (abs)       0090
_T2CKPS1            (abs)       0091  _T2CON              (abs)       0012
_TMR0               (abs)       0001  _TMR0_ISR           intrtext    0071
_TMR1CS             (abs)       0081  _TMR1GE             (abs)       0086
_TMR1H              (abs)       000F  _TMR1IE             (abs)       0460
_TMR1IF             (abs)       0060  _TMR1L              (abs)       000E
_TMR1ON             (abs)       0080  _TMR2               (abs)       0011
_TMR2IE             (abs)       0461  _TMR2IF             (abs)       0061
_TMR2ON             (abs)       0092  _TO                 (abs)       001C
_TOUTPS0            (abs)       0093  _TOUTPS1            (abs)       0094
_TOUTPS2            (abs)       0095  _TOUTPS3            (abs)       0096
_TRISA              (abs)       0085  _TRISA0             (abs)       0428
_TRISA1             (abs)       0429  _TRISA2             (abs)       042A
_TRISA3             (abs)       042B  _TRISA4             (abs)       042C
_TRISA5             (abs)       042D  _TRISB              (abs)       0086
_TRISB4             (abs)       0434  _TRISB5             (abs)       0435
_TRISB6             (abs)       0436  _TRISB7             (abs)       0437
_TRISC              (abs)       0087  _TRISC0             (abs)       0438
_TRISC1             (abs)       0439  _TRISC2             (abs)       043A
_TRISC3             (abs)       043B  _TRISC4             (abs)       043C
_TRISC5             (abs)       043D  _TRISC6             (abs)       043E
_TRISC7             (abs)       043F  _TRMT               (abs)       04C1
_TUN0               (abs)       0480  _TUN1               (abs)       0481
_TUN2               (abs)       0482  _TUN3               (abs)       0483
_TUN4               (abs)       0484  _TX9                (abs)       04C6
_TX9D               (abs)       04C0  _TXEN               (abs)       04C5
_TXIE               (abs)       0464  _TXIF               (abs)       0064
_TXREG              (abs)       0019  _TXSTA              (abs)       0098
_UA                 (abs)       04A1  _ULPWUE             (abs)       0475
_VCFG               (abs)       00FE  _VP6EN              (abs)       08C4
_VR0                (abs)       08C0  _VR1                (abs)       08C1
_VR2                (abs)       08C2  _VR3                (abs)       08C3
_VRCON              (abs)       0118  _VRR                (abs)       08C5
_WCOL               (abs)       00A7  _WDTCON             (abs)       0097
_WDTPS0             (abs)       04B9  _WDTPS1             (abs)       04BA
_WDTPS2             (abs)       04BB  _WDTPS3             (abs)       04BC
_WPUA               (abs)       0095  _WPUA0              (abs)       04A8
_WPUA1              (abs)       04A9  _WPUA2              (abs)       04AA
_WPUA4              (abs)       04AC  _WPUA5              (abs)       04AD
_WPUB               (abs)       0115  _WPUB4              (abs)       08AC
_WPUB5              (abs)       08AD  _WPUB6              (abs)       08AE
_WPUB7              (abs)       08AF  _WR                 (abs)       0C61
_WREN               (abs)       0C62  _WRERR              (abs)       0C63
_WUE                (abs)       04D9  _ZERO               (abs)       001A
__Beeprom_data      eeprom_data 2100  __Bnvbit_0          nvbit_0     004E
__Bnvbit_1          nvbit_1     00A0  __Bnvbit_2          nvbit_2     0120
__Bnvbit_3          nvbit_3     004E  __Bptbit_0          ptbit_0     004E
__Brbit_0           rbit_0      007E  __Brbit_1           rbit_1      00A0
__Brbit_2           rbit_2      0120  __Brbit_3           rbit_3      004E
__Hclrtext          clrtext     0021  __Hcode             code        004E
__Hcommon           (abs)       007E  __Hconfig           config      2008
__Heeprom_data      eeprom_data 0000  __Hend_init         end_init    0019
__Hfloat_text0      float_text0 0027  __Hfloat_text1      float_text1 0027
__Hfloat_text2      float_text2 0027  __Hfloat_text3      float_text3 0027
__Hfloat_text4      float_text4 0027  __Hfnauto0          fnauto0     007E
__Hfnauto1          fnauto1     00A0  __Hfnauto2          fnauto2     0120
__Hfnautoc          fnautoc     0075  __Hidata            idata       0027
__Hidata_0          idata_0     0027  __Hidata_1          idata_1     0027
__Hidata_2          idata_2     0027  __Hidata_3          idata_3     004E
__Hidloc            idloc       2000  __Hinit             init        0016
__Hinit23           init23      0016  __Hintcode          intcode     000F
__Hintentry         intentry    000F  __Hintret           intret      000F
__Hintrtext         intrtext    004E  __Hintsave          intsave     004E
__Hintsave_1        intsave_1   004E  __Hintsave_2        intsave_2   004E
__Hintsave_3        intsave_3   004E  __Hmaintext         maintext    0027
__Hnvbit_0          nvbit_0     0270  __Hnvbit_1          nvbit_1     0500
__Hnvbit_2          nvbit_2     0900  __Hnvbit_3          nvbit_3     0270
__Hnvram            nvram       007E  __Hnvram_1          nvram_1     00A0
__Hnvram_2          nvram_2     0120  __Hnvram_3          nvram_3     004E
__Hpowerup          powerup     0027  __Hpstrings         pstrings    0027
__Hptbit_0          ptbit_0     0270  __Hramdata          (abs)       0001
__Hrbit_0           rbit_0      03F0  __Hrbit_1           rbit_1      0500
__Hrbit_2           rbit_2      0900  __Hrbit_3           rbit_3      0270
__Hrbss_0           rbss_0      007E  __Hrbss_1           rbss_1      00A0
__Hrbss_2           rbss_2      0120  __Hrbss_3           rbss_3      004E
__Hrdata_0          (abs)       0001  __Hrdata_1          rdata_1     00A0
__Hrdata_2          rdata_2     0120  __Hrdata_3          rdata_3     004E
__Hreset_vec        reset_vec   0003  __Hstrings          strings     0100
__Hstruct           struct      007E  __Htemp             temp        007E
__Htext             text        004E  __Lclrtext          clrtext     0019
__Lcode             code        004E  __Lcommon           (abs)       007B
__Lconfig           config      2007  __Leeprom_data      eeprom_data 0000
__Lend_init         end_init    0016  __Lfloat_text0      float_text0 0027
__Lfloat_text1      float_text1 0027  __Lfloat_text2      float_text2 0027
__Lfloat_text3      float_text3 0027  __Lfloat_text4      float_text4 0027
__Lfnauto0          fnauto0     007E  __Lfnauto1          fnauto1     00A0
__Lfnauto2          fnauto2     0120  __Lfnautoc          fnautoc     0070
__Lidata            idata       0027  __Lidata_0          idata_0     0027
__Lidata_1          idata_1     0027  __Lidata_2          idata_2     0027
__Lidata_3          idata_3     004E  __Lidloc            idloc       2000
__Linit             init        000F  __Linit23           init23      0016
__Lintcode          intcode     000F  __Lintentry         intentry    0004
__Lintret           intret      000F  __Lintrtext         intrtext    004E
__Lintsave          intsave     004E  __Lintsave_1        intsave_1   004E
__Lintsave_2        intsave_2   004E  __Lintsave_3        intsave_3   004E
__Lmaintext         maintext    0021  __Lnvbit_0          nvbit_0     0270
__Lnvbit_1          nvbit_1     0500  __Lnvbit_2          nvbit_2     0900
__Lnvbit_3          nvbit_3     0270  __Lnvram            nvram       007E
__Lnvram_1          nvram_1     00A0  __Lnvram_2          nvram_2     0120
__Lnvram_3          nvram_3     004E  __Lpowerup          powerup     0027
__Lpstrings         pstrings    0027  __Lptbit_0          ptbit_0     0270
__Lramdata          (abs)       0000  __Lrbit_0           rbit_0      03F0
__Lrbit_1           rbit_1      0500  __Lrbit_2           rbit_2      0900
__Lrbit_3           rbit_3      0270  __Lrbss_0           rbss_0      007E
__Lrbss_1           rbss_1      00A0  __Lrbss_2           rbss_2      0120
__Lrbss_3           rbss_3      004E  __Lrdata_0          (abs)       0000
__Lrdata_1          rdata_1     00A0  __Lrdata_2          rdata_2     0120
__Lrdata_3          rdata_3     004E  __Lreset_vec        reset_vec   0000
__Lstrings          strings     0100  __Lstruct           struct      007E
__Ltemp             temp        007E  __Ltext             text        004E
__S0                (abs)       2008  __S1                (abs)       0120
__S2                (abs)       2100  __databank          (abs)       0000
__end_of_Initialize text28      0071  __end_of_TMR0_ISR   intrtext    00A2
__end_of_main       maintext    0027  __tempreg           (abs)       0070
_exit               init        000F  _main               maintext    0021
_reference_time     (abs)       007C  _thermistor_time    (abs)       007D
btemp               (abs)       007E  clear_ram           clrtext     0019
interrupt_function  intentry    0004  intlevel0           intentry    0004
intlevel1           intentry    0004  intlevel2           intentry    0004
intlevel3           intentry    0004  intlevel4           intentry    0004
intlevel5           intentry    0004  reset_vec           reset_vec   0000
saved_w             (abs)       007F  start               init        000F
