

HI-TECH Software PICC Macro Assembler V9.60PL5 build 3884 
                                                      Thu Feb 19 11:46:48 2009


     1                           
     2                           	; HI-TECH C PRO for the PIC10/12/16 MCU family
                                  V9.60PL5
     3                           	; Copyright (C) 1984-2009 HI-TECH Software
     4                           
     5                           	; Auto-generated runtime startup code for fina
                                 l link stage.
     6                           
     7                           	;
     8                           	; Compiler options:
     9                           	;
    10                           	; -oComparator_Lab3.cof -mComparator_Lab3.map 
                                 --summary=default \
    11                           	; --output=default Comparator_Lab3.p1 --chip=1
                                 6F690 -P \
    12                           	; --runtime=default --opt=default -D__DEBUG=1 
                                 -g --asmlist \
    13                           	; --errformat=Error   [%n] %f; %l.%c %s --msgf
                                 ormat=Advisory[%n] %s \
    14                           	; --warnformat=Warning [%n] %f; %l.%c %s
    15                           	;
    16                           
    17                           
    18                           	processor	16F690
    19                           
    20                           	global	_main,start,_exit,reset_vec
    21                           	fnroot	_main
    22                           	psect	config,class=CONFIG,delta=2
    23                           	psect	idloc,class=IDLOC,delta=2
    24                           	psect	rbss_0,class=BANK0,space=1
    25                           	psect	rbss_1,class=BANK1,space=1
    26                           	psect	rbss_2,class=BANK2,space=1
    27                           	psect	rbss_3,class=BANK3,space=1
    28                           	psect	rdata_0,class=BANK0,space=1
    29                           	psect	rdata_1,class=BANK1,space=1
    30                           	psect	rdata_2,class=BANK2,space=1
    31                           	psect	rdata_3,class=BANK3,space=1
    32                           	psect	nvram,class=BANK0,space=1
    33                           	psect	nvram_1,class=BANK1,space=1
    34                           	psect	nvram_2,class=BANK2,space=1
    35                           	psect	nvram_3,class=BANK3,space=1
    36                           	psect	nvbit_0,class=BANK0,bit,space=1
    37                           	psect	nvbit_1,class=BANK1,bit,space=1
    38                           	psect	nvbit_2,class=BANK2,bit,space=1
    39                           	psect	nvbit_3,class=BANK3,bit,space=1
    40                           	psect	temp,ovrld,class=BANK0,space=1
    41                           	psect	struct,ovrld,class=BANK0,space=1
    42                           	psect	code,class=CODE,delta=2
    43                           	psect	rbit_0,class=BANK0,bit,space=1
    44                           	psect	ptbit_0,class=BANK0,bit,space=1
    45                           	psect	rbit_1,class=BANK1,bit,space=1
    46                           	psect	rbit_2,class=BANK2,bit,space=1
    47                           	psect	rbit_3,class=BANK3,bit,space=1
    48                           	psect	pstrings,class=CODE,delta=2
    49                           	psect	powerup,class=CODE,delta=2
    50                           	psect	reset_vec,class=CODE,delta=2
    51                           	psect	maintext,class=CODE,delta=2
    52  0000                     	C	set	0
    53  0000                     	Z	set	2
    54  0000                     	PCL	set	2
    55  0000                     	INDF	set	0
    56                           
    57                           	psect	fnautoc,class=COMMON,space=1
    58                           	psect	common,class=COMMON,space=1
    59                           	psect	fnauto0,class=BANK0,space=1
    60                           	psect	fnauto1,class=BANK1,space=1
    61                           	psect	fnauto2,class=BANK2,space=1
    62  0000                     	STATUS	equ	3
    63  0000                     	PCLATH	equ	0Ah
    64                           
    65                           	psect	eeprom_data,class=EEDATA,delta=2,space=2
    66                           	psect	idata,class=CODE,delta=2
    67                           	psect	idata_0,class=CODE,delta=2
    68                           	psect	idata_1,class=CODE,delta=2
    69                           	psect	idata_2,class=CODE,delta=2
    70                           	psect	idata_3,class=CODE,delta=2
    71                           	psect	intcode,class=CODE,delta=2
    72                           	psect	intret,class=CODE,delta=2
    73                           	psect	intentry,class=CODE,delta=2
    74                           	global	intlevel0,intlevel1,intlevel2, intlevel
                                 3, intlevel4, intlevel5
    75  0004                     intlevel0:
    76  0004                     intlevel1:
    77  0004                     intlevel2:
    78  0004                     intlevel3:
    79  0004                     intlevel4:
    80  0004                     intlevel5:
    81                           	psect	intsave,class=BANK0,space=1
    82                           	psect	intsave_1,class=BANK1,space=1
    83                           	psect	intsave_2,class=BANK2,space=1
    84                           	psect	intsave_3,class=BANK3,space=1
    85                           	psect	init,class=CODE,delta=2
    86                           	psect	init23,class=CODE,delta=2
    87                           	psect	text,class=CODE,delta=2
    88                           	psect	end_init,class=CODE,delta=2
    89                           	psect	clrtext,class=CODE,delta=2
    90                           	psect	float_text0,class=CODE,delta=2,size=2048
    91                           	psect	float_text1,class=CODE,delta=2,size=2048
    92                           	psect	float_text2,class=CODE,delta=2,size=2048
    93                           	psect	float_text3,class=CODE,delta=2,size=2048
    94                           	psect	float_text4,class=CODE,delta=2,size=2048
    95  0000                     	FSR	set	4
    96                           	psect	strings,class=CODE,delta=2,reloc=256
    97                           
    98                           	psect	reset_vec
    99  0000                     reset_vec:
   100                           	; No powerup routine
   101                           	global start
   102                           
   103                           ; jump to start
   104  0000  3000               	movlw	start >>8
   105  0001  008A               	movwf	PCLATH
   106  0002  280F               	goto	start & 0x7FF | (reset_vec & not 0x7FF)
   107                           
   108                           
   109                           
   110                           	psect	init
   111  000F                     start
   112  000F                     _exit
   113                           
   114                           ;----------------------------------------------
                                 ---------------------------------
   115                           ;		Clear (zero) uninitialized global variables
   116                           
   117                           ;	No RAM objects to clear in bank 0
   118                           ;	No RAM objects to clear in bank 1
   119                           ;	No RAM objects to clear in bank 2
   120                           ;	No RAM objects to clear in bank 3
   121                           ;	3 bytes of RAM objects in common bank to zero
   122                           
   123                           	psect	init
   124  000F  1783               	bsf	STATUS,7		;select indirect bank 2/3
   125                           	global	__Lcommon
   126  0010  307B               	movlw	low(__Lcommon)		;load the low address in
                                 to FSR
   127  0011  0084               	movwf	FSR
   128  0012  307E               	movlw	low(__Lcommon+3)		;load the high address
                                 +1 into W
   129  0013  118A  2019  118A   	fcall	clear_ram		;go and zero that range of ad
                                 dresses
   130                           
   131                           	psect	clrtext,class=CODE,delta=2
   132                           	global	clear_ram
   133                           ;	Called with FSR containing the base address, 
                                 and
   134                           ;	W with the last address+1
   135  0019                     clear_ram:
   136  0019  0064               	clrwdt			;clear the watchdog before getting in
                                 to this loop
   137  001A                     clrloop:
   138  001A  0180               	clrf	INDF		;clear RAM location pointed to by F
                                 SR
   139  001B  0A84               	incf	FSR,f		;increment pointer to next locatio
                                 n
   140  001C  0604               	xorwf	FSR,w		;XOR with final address
   141  001D  1903               	btfsc	STATUS,2	;have we reached the end yet?
   142  001E  3400               	retlw	0		;all done for this bank, return
   143  001F  0604               	xorwf	FSR,w		;XOR again to restore value
   144  0020  281A               	goto	clrloop		;go and do the next byte
   145                           
   146                           
   147                           ;----------------------------------------------
                                 ---------------------------------
   148                           	psect	end_init
   149  0016  0183               	clrf	STATUS
   150  0017  118A  2821         	ljmp _main


HI-TECH Software PICC Macro Assembler V9.60PL5 build 3884 
Symbol Table                                          Thu Feb 19 11:46:48 2009

        FSR 0004         INDF 0000        _main 0021        _exit 000F  
      start 000F    clear_ram 0019       PCLATH 000A       STATUS 0003  
  intlevel0 0004    intlevel1 0004    intlevel2 0004    intlevel3 0004  
  intlevel4 0004    intlevel5 0004    reset_vec 0000      clrloop 001A  
  __Lcommon 007B  
