

HI-TECH Software PICC Macro Assembler V9.60PL2
                                                      Mon Feb 09 13:36:22 2009


     1                           	processor	16F690
     2                           	opt	pw 79
     3                           	psect	text0,local,class=CODE,delta=2
     4                           	psect	config,global,class=CONFIG,delta=2
     5                           	psect	text1,local,class=CODE,delta=2
     6                           	psect	text2,local,class=CODE,delta=2
     7                           	psect	text3,local,class=CODE,delta=2
     8                           	psect	text4,local,class=CODE,delta=2
     9                           	psect	text5,local,class=CODE,delta=2
    10                           	psect	text6,local,class=CODE,delta=2
    11                           	psect	text7,local,class=CODE,delta=2
    12                           	psect	rbit_0,global,bit,class=BANK0,space=1,de
      +                          lta=1
    13                           	psect	rbss_0,global,class=BANK0,space=1,delta=
      +                          1
    14  0000                     
    15  0000                     
    16  0000                     
    17  0000                     
    18  0000                     
    19  0000                     
    20  0000                     
    21  0000                     
    22  0000                     
    23  0000                     	;#
    24                           
    25                           	psect	text0
    26  07A1                     _Delay_5mS
    27                           ;GPIO_Lab5.c: 75: void Delay_5mS(void)
    28  07A1  110B               	bcf	11,2
    29                           ;GPIO_Lab5.c: 80: TMR0 = 100;
    30  07A2  3064               	movlw	100
    31  07A3  1283               	bcf	3,5
    32  07A4  1303               	bcf	3,6	;carry unused
    33  07A5  0081               	movwf	1	;volatile
    34                           ;GPIO_Lab5.c: 82: while (T0IF == 0);
    35  07A6                     l2
    36  07A6  190B               	btfsc	11,2
    37  07A7  0008               	return
    38  07A8  2FA6               	goto	l2
    39                           
    40                           	psect	config
    41  2007  30D4               	dw	12500	;#
    42                           
    43                           	psect	text1
    44  079B                     _main
    45                           ;GPIO_Lab5.c: 98: void main(void)
    46  079B  27DB               	call	_Initialize
    47  079C                     l7
    48                           ;GPIO_Lab5.c: 101: while(1)
    49                           ;GPIO_Lab5.c: 102: {
    50  079C  27A9               	call	_Get_Inputs
    51                           ;GPIO_Lab5.c: 104: Decide();
    52  079D  27C0               	call	_Decide
    53                           ;GPIO_Lab5.c: 105: Do_Outputs();
    54  079E  2797               	call	_Do_Outputs
    55                           ;GPIO_Lab5.c: 106: Timing();
    56  079F  27B2               	call	_Timing
    57  07A0  2F9C               	goto	l7
    58                           
    59                           	psect	text2
    60  07DB                     _Initialize
    61                           ;GPIO_Lab5.c: 119: void Initialize(void)
    62  07DB  3001               	movlw	1
    63  07DC  0183               	clrf	3	;select bank 0
    64  07DD  0087               	movwf	7	;volatile
    65                           ;GPIO_Lab5.c: 126: PORTA = 0b00000000;
    66  07DE  0185               	clrf	5	;volatile
    67                           ;GPIO_Lab5.c: 128: ANS4 = 0;
    68  07DF  1703               	bsf	3,6
    69  07E0  121E               	bcf	30,4
    70                           ;GPIO_Lab5.c: 129: ANS5 = 0;
    71  07E1  129E               	bcf	30,5
    72                           ;GPIO_Lab5.c: 130: ANS6 = 0;
    73  07E2  131E               	bcf	30,6
    74                           ;GPIO_Lab5.c: 131: ANS7 = 0;
    75  07E3  139E               	bcf	30,7
    76                           ;GPIO_Lab5.c: 132: ANS8 = 0;
    77  07E4  101F               	bcf	31,0
    78                           ;GPIO_Lab5.c: 133: ANS9 = 0;
    79  07E5  109F               	bcf	31,1
    80                           ;GPIO_Lab5.c: 136: TRISC0 = 0;
    81  07E6  1683               	bsf	3,5
    82  07E7  1303               	bcf	3,6	;carry unused
    83  07E8  1007               	bcf	7,0
    84                           ;GPIO_Lab5.c: 137: TRISC1 = 0;
    85  07E9  1087               	bcf	7,1
    86                           ;GPIO_Lab5.c: 138: TRISC2 = 0;
    87  07EA  1107               	bcf	7,2
    88                           ;GPIO_Lab5.c: 139: TRISC3 = 0;
    89  07EB  1187               	bcf	7,3
    90                           ;GPIO_Lab5.c: 140: TRISC4 = 0;
    91  07EC  1207               	bcf	7,4
    92                           ;GPIO_Lab5.c: 141: TRISC5 = 0;
    93  07ED  1287               	bcf	7,5
    94                           ;GPIO_Lab5.c: 142: TRISC6 = 0;
    95  07EE  1307               	bcf	7,6
    96                           ;GPIO_Lab5.c: 143: TRISC7 = 0;
    97  07EF  1387               	bcf	7,7
    98                           ;GPIO_Lab5.c: 145: ANS2 = 0;
    99  07F0  1283               	bcf	3,5
   100  07F1  1703               	bsf	3,6
   101  07F2  111E               	bcf	30,2
   102                           ;GPIO_Lab5.c: 146: TRISA2 = 1;
   103  07F3  1683               	bsf	3,5
   104  07F4  1303               	bcf	3,6	;carry unused
   105  07F5  1505               	bsf	5,2
   106                           ;GPIO_Lab5.c: 148: T0CS = 0;
   107  07F6  1281               	bcf	1,5
   108                           ;GPIO_Lab5.c: 149: T0SE = 0;
   109  07F7  1201               	bcf	1,4
   110                           ;GPIO_Lab5.c: 150: PSA = 0;
   111  07F8  1181               	bcf	1,3
   112                           ;GPIO_Lab5.c: 152: PS0 = 0;
   113  07F9  1001               	bcf	1,0
   114                           ;GPIO_Lab5.c: 153: PS1 = 0;
   115  07FA  1081               	bcf	1,1
   116                           ;GPIO_Lab5.c: 154: PS2 = 1;
   117  07FB  1501               	bsf	1,2
   118                           ;GPIO_Lab5.c: 159: direction = 0;
   119  07FC  1283               	bcf	3,5
   120  07FD  1020               	bcf	_direction/(0+8),_direction& (0+7)
   121                           ;GPIO_Lab5.c: 161: LED_Output = 0b00000000;
   122  07FE  01A1               	clrf	_LED_Output
   123                           ;GPIO_Lab5.c: 162: }
   124  07FF  0008               	return	;W free
   125                           
   126                           	psect	text3
   127  07A9                     _Get_Inputs
   128                           ;GPIO_Lab5.c: 170: void Get_Inputs(void)
   129  07A9  0183               	clrf	3	;select bank 0
   130  07AA  1905               	btfsc	5,2
   131  07AB  0008               	return
   132                           ;GPIO_Lab5.c: 174: {
   133  07AC  27A1               	call	_Delay_5mS
   134                           ;GPIO_Lab5.c: 177: if(RA2 == 0) direction ^= 1;
   135  07AD  1905               	btfsc	5,2
   136  07AE  0008               	return
   137  07AF  3001               	movlw	(0+1) shl (_direction& (0+7))
   138  07B0  06A0               	xorwf	_direction/(0+8)
   139                           ;GPIO_Lab5.c: 179: }
   140  07B1  0008               	return
   141                           
   142                           	psect	text4
   143  07C0                     _Decide
   144                           ;GPIO_Lab5.c: 191: void Decide(void)
   145  07C0  0183               	clrf	3	;select bank 0
   146  07C1  1820               	btfsc	_direction/(0+8),_direction& (0+7)
   147  07C2  2FCF               	goto	l15
   148                           ;GPIO_Lab5.c: 194: {
   149  07C3  0B21               	decfsz	_LED_Output,w
   150  07C4  2FC6               	goto	u71
   151  07C5  2FC9               	goto	u90
   152  07C6                     u71
   153  07C6  08A1               	movf	_LED_Output
   154  07C7  1D03               	btfss	3,2
   155  07C8  2FCC               	goto	l16
   156  07C9                     u90
   157  07C9  3080               	movlw	-128
   158  07CA  00A1               	movwf	_LED_Output
   159  07CB  0008               	return
   160  07CC                     l16
   161                           ;GPIO_Lab5.c: 205: else LED_Output >>=1;
   162  07CC  1003               	bcf	3,0
   163  07CD  0CA1               	rrf	_LED_Output
   164                           ;GPIO_Lab5.c: 206: }
   165  07CE  0008               	return
   166  07CF                     l15
   167                           ;GPIO_Lab5.c: 207: else
   168  07CF  0821               	movf	_LED_Output,w
   169  07D0  3A80               	xorlw	-128
   170  07D1  1D03               	btfss	3,2
   171  07D2  08A1               	movf	_LED_Output
   172  07D3  1D03               	btfss	3,2
   173  07D4  2FD8               	goto	l19
   174  07D5  01A1               	clrf	_LED_Output
   175  07D6  0AA1               	incf	_LED_Output
   176  07D7  0008               	return
   177  07D8                     l19
   178                           ;GPIO_Lab5.c: 219: else LED_Output <<=1;
   179  07D8  1003               	bcf	3,0
   180  07D9  0DA1               	rlf	_LED_Output
   181                           ;GPIO_Lab5.c: 220: }
   182  07DA  0008               	return	;W free
   183                           
   184                           	psect	text5
   185  0797                     _Do_Outputs
   186                           ;GPIO_Lab5.c: 230: void Do_Outputs(void)
   187  0797  0183               	clrf	3	;select bank 0
   188  0798  0821               	movf	_LED_Output,w
   189  0799  0087               	movwf	7	;volatile
   190                           ;GPIO_Lab5.c: 235: }
   191  079A  0008               	return	;W free
   192                           
   193                           	psect	text6
   194  07B2                     _Timing
   195                           ;	_delay_var assigned to ?a_Timing+0
   196  0000                     _Timing$delay_var	set	?a_Timing
   197                           ;GPIO_Lab5.c: 243: void Timing(void)
   198  07B2  300D               	movlw	13
   199  07B3  0183               	clrf	3	;select bank 0
   200  07B4  00A2               	movwf	?a_Timing
   201  07B5  3027               	movlw	39
   202  07B6  00A3               	movwf	?a_Timing+1
   203                           ;GPIO_Lab5.c: 249: while(--delay_var);
   204  07B7                     l23
   205  07B7  30FF               	movlw	-1
   206  07B8  07A2               	addwf	?a_Timing
   207  07B9  1C03               	btfss	3,0
   208  07BA  03A3               	decf	?a_Timing+1
   209  07BB  0823               	movf	?a_Timing+1,w
   210  07BC  0422               	iorwf	?a_Timing,w
   211  07BD  1903               	btfsc	3,2
   212  07BE  0008               	return
   213  07BF  2FB7               	goto	l23
   214                           
   215                           	psect	text7
   216  0000                     
   217  0000                     
   218  0000                     
   219  0000                     
   220  0000                     
   221  0000                     
   222  0000                     
   223  0000                     
   224  0000                     
   225  0000                     
   226  0000                     
   227  0000                     
   228  0000                     
   229  0000                     
   230  0000                     
   231  0000                     
   232  0000                     
   233  0000                     
   234  0000                     
   235  0000                     
   236  0000                     
   237  0000                     
   238  0000                     
   239  0000                     
   240  0000                     
   241  0000                     
   242  0000                     
   243  0000                     
   244  0000                     
   245  0000                     
   246  0000                     
   247  0000                     
   248  0000                     
   249  0000                     
   250  0000                     
   251  0000                     
   252  0000                     
   253  0000                     
   254  0000                     
   255  0000                     
   256  0000                     
   257  0000                     
   258  0000                     
   259  0000                     
   260  0000                     
   261  0000                     
   262  0000                     
   263  0000                     
   264  0000                     
   265  0000                     
   266  0000                     
   267  0000                     
   268  0000                     
   269  0000                     
   270  0000                     
   271  0000                     
   272  0000                     
   273  0000                     
   274  0000                     
   275  0000                     
   276  0000                     
   277  0000                     
   278  0000                     
   279  0000                     
   280  0000                     
   281  0000                     
   282  0000                     
   283  0000                     
   284  0000                     
   285  0000                     
   286  0000                     
   287  0000                     
   288  0000                     
   289  0000                     
   290  0000                     
   291  0000                     
   292  0000                     
   293  0000                     
   294  0000                     
   295  0000                     
   296  0000                     
   297  0000                     
   298  0000                     
   299  0000                     
   300  0000                     
   301  0000                     
   302  0000                     
   303  0000                     
   304  0000                     
   305  0000                     
   306  0000                     
   307  0000                     
   308  0000                     
   309  0000                     
   310  0000                     
   311  0000                     
   312  0000                     
   313  0000                     
   314  0000                     
   315  0000                     
   316  0000                     
   317  0000                     
   318  0000                     
   319  0000                     
   320  0000                     
   321  0000                     
   322  0000                     
   323  0000                     
   324  0000                     
   325  0000                     
   326  0000                     
   327  0000                     
   328  0000                     
   329  0000                     
   330  0000                     
   331  0000                     
   332  0000                     
   333  0000                     
   334  0000                     
   335  0000                     
   336  0000                     
   337  0000                     
   338  0000                     
   339  0000                     
   340  0000                     
   341  0000                     
   342  0000                     
   343  0000                     
   344  0000                     
   345  0000                     
   346  0000                     
   347  0000                     
   348  0000                     
   349  0000                     
   350  0000                     
   351  0000                     
   352  0000                     
   353  0000                     
   354  0000                     
   355  0000                     
   356  0000                     
   357  0000                     
   358  0000                     
   359  0000                     
   360  0000                     
   361  0000                     
   362  0000                     
   363  0000                     
   364  0000                     
   365  0000                     
   366  0000                     
   367  0000                     
   368  0000                     
   369  0000                     
   370  0000                     
   371  0000                     
   372  0000                     
   373  0000                     
   374  0000                     
   375  0000                     
   376  0000                     
   377  0000                     
   378  0000                     
   379  0000                     
   380  0000                     
   381  0000                     
   382  0000                     
   383  0000                     
   384  0000                     
   385  0000                     
   386  0000                     
   387  0000                     
   388  0000                     
   389  0000                     
   390  0000                     
   391  0000                     
   392  0000                     
   393  0000                     
   394  0000                     
   395  0000                     
   396  0000                     
   397  0000                     
   398  0000                     
   399  0000                     
   400  0000                     
   401  0000                     
   402  0000                     
   403  0000                     
   404  0000                     
   405  0000                     
   406  0000                     
   407  0000                     
   408  0000                     
   409  0000                     
   410  0000                     
   411  0000                     
   412  0000                     
   413  0000                     
   414  0000                     
   415  0000                     
   416  0000                     
   417  0000                     
   418  0000                     
   419  0000                     
   420  0000                     
   421  0000                     
   422  0000                     
   423  0000                     
   424  0000                     
   425  0000                     
   426  0000                     
   427  0000                     
   428  0000                     
   429  0000                     
   430  0000                     
   431  0000                     
   432  0000                     
   433  0000                     
   434  0000                     
   435  0000                     
   436  0000                     
   437  0000                     
   438  0000                     
   439  0000                     
   440  0000                     
   441  0000                     
   442  0000                     
   443  0000                     
   444  0000                     
   445  0000                     
   446  0000                     
   447  0000                     
   448  0000                     
   449  0000                     
   450  0000                     
   451  0000                     
   452  0000                     
   453  0000                     
   454  0000                     
   455  0000                     
   456  0000                     
   457  0000                     
   458  0000                     
   459  0000                     
   460  0000                     
   461  0000                     
   462  0000                     
   463  0000                     
   464  0000                     
   465  0000                     
   466  0000                     
   467  0000                     
   468  0000                     
   469  0000                     
   470  0000                     
   471  0000                     
   472  0000                     
   473  0000                     
   474  0000                     
   475  0000                     
   476  0000                     
   477  0000                     
   478  0000                     
   479  0000                     
   480  0000                     
   481  0000                     
   482  0000                     
   483  0000                     
   484  0000                     
   485  0000                     
   486  0000                     
   487  0000                     
   488  0000                     
   489  0000                     
   490  0000                     
   491  0000                     
   492  0000                     
   493  0000                     
   494  0000                     
   495  0000                     
   496  0000                     
   497  0000                     
   498  0000                     
   499                           
   500                           	psect	rbit_0
   501  0100                     _direction
                     _direction
   502  0100                     	ds	1
   503  0000                     
   504  0000                     
   505  0000                     
   506  0000                     
   507  0000                     
   508  0000                     
   509  0000                     
   510  0000                     
   511  0000                     
   512  0000                     
   513  0000                     
   514  0000                     
   515  0000                     
   516  0000                     
   517  0000                     
   518  0000                     
   519  0000                     
   520  0000                     
   521  0000                     
   522  0000                     
   523  0000                     
   524  0000                     
   525  0000                     
   526  0000                     
   527  0000                     
   528  0000                     
   529  0000                     
   530                           
   531                           	psect	rbss_0
   532  0021                     _LED_Output
                     _LED_Output
   533  0021                     	ds	1
   534  0000                     
   535  0000                     
   536  0000                     
   537  0000                     
   538  0000                     
   539  0000                     
   540  0000                     
   541  0000                     
   542  0000                     
   543  0000                     
   544  0000                     
   545  0000                     
   546  0000                     
   547  0000                     
   548  0000                     
   549  0000                     
   550  0000                     
   551  0000                     
   552  0000                     
   553  0000                     
   554  0000                     
   555  0000                     
   556  0000                     
   557  0000                     
   558  0000                     
   559  0000                     
   560  0000                     
   561  0000                     
   562  0000                     
   563  0000                     
   564  0000                     
   565  0000                     
   566  0000                     
   567  0000                     
   568  0000                     
   569  0000                     
   570  0000                     
   571  0000                     
   572  0000                     
   573  0000                     
   574  0000                     
   575  0000                     


HI-TECH Software PICC Macro Assembler V9.60PL2
Symbol Table                                          Mon Feb 09 13:36:22 2009

      _Initialize 07DB                 l2 07A6                 l7 079C  
        ?a_Timing 0022                l23 07B7                l15 07CF  
              l16 07CC                l19 07D8                u71 07C6  
              u90 07C9            _Decide 07C0         _direction 0100  
          _Timing 07B2         _Delay_5mS 07A1              _main 079B  
            start 0000        _LED_Output 0021        _Do_Outputs 0797  
      _Get_Inputs 07A9             status 0003  
