

HI-TECH Software PICC Macro Assembler V9.60PL2
                                                      Mon Feb 09 13:00:26 2009


     1                           	processor	16F690
     2                           	opt	pw 79
     3                           	psect	text0,local,class=CODE,delta=2
     4                           	psect	config,global,class=CONFIG,delta=2
     5                           	psect	text1,local,class=CODE,delta=2
     6                           	psect	text2,local,class=CODE,delta=2
     7                           	psect	text3,local,class=CODE,delta=2
     8                           	psect	text4,local,class=CODE,delta=2
     9                           	psect	text5,local,class=CODE,delta=2
    10                           	psect	text6,local,class=CODE,delta=2
    11  0000                     
    12  0000                     
    13  0000                     
    14  0000                     
    15  0000                     
    16  0000                     
    17  0000                     
    18  0000                     
    19  0000                     
    20  0000                     	;#
    21                           
    22                           	psect	text0
    23  07C1                     _main
    24                           ;GPIO_Lab2.c: 83: void main(void)
    25  07C1  27EA               	call	_Initialize
    26  07C2                     l3
    27                           ;GPIO_Lab2.c: 86: while(1)
    28                           ;GPIO_Lab2.c: 87: {
    29  07C2  27C5               	call	_Do_Outputs
    30                           ;GPIO_Lab2.c: 89: Timing();
    31  07C3  27D7               	call	_Timing
    32  07C4  2FC2               	goto	l3
    33                           
    34                           	psect	config
    35  2007  30D4               	dw	12500	;#
    36                           
    37                           	psect	text1
    38  07EA                     _Initialize
    39                           ;GPIO_Lab2.c: 102: void Initialize(void)
    40  07EA  30FF               	movlw	-1
    41  07EB  0183               	clrf	3	;select bank 0
    42  07EC  0087               	movwf	7	;volatile
    43                           ;GPIO_Lab2.c: 107: ANS4 = 0;
    44  07ED  1703               	bsf	3,6
    45  07EE  121E               	bcf	30,4
    46                           ;GPIO_Lab2.c: 108: ANS5 = 0;
    47  07EF  129E               	bcf	30,5
    48                           ;GPIO_Lab2.c: 109: ANS6 = 0;
    49  07F0  131E               	bcf	30,6
    50                           ;GPIO_Lab2.c: 110: ANS7 = 0;
    51  07F1  139E               	bcf	30,7
    52                           ;GPIO_Lab2.c: 111: ANS8 = 0;
    53  07F2  101F               	bcf	31,0
    54                           ;GPIO_Lab2.c: 112: ANS9 = 0;
    55  07F3  109F               	bcf	31,1
    56                           ;GPIO_Lab2.c: 115: TRISC0 = 0;
    57  07F4  1683               	bsf	3,5
    58  07F5  1303               	bcf	3,6	;carry unused
    59  07F6  1007               	bcf	7,0
    60                           ;GPIO_Lab2.c: 116: TRISC1 = 0;
    61  07F7  1087               	bcf	7,1
    62                           ;GPIO_Lab2.c: 117: TRISC2 = 0;
    63  07F8  1107               	bcf	7,2
    64                           ;GPIO_Lab2.c: 118: TRISC3 = 0;
    65  07F9  1187               	bcf	7,3
    66                           ;GPIO_Lab2.c: 119: TRISC4 = 0;
    67  07FA  1207               	bcf	7,4
    68                           ;GPIO_Lab2.c: 120: TRISC5 = 0;
    69  07FB  1287               	bcf	7,5
    70                           ;GPIO_Lab2.c: 121: TRISC6 = 0;
    71  07FC  1307               	bcf	7,6
    72                           ;GPIO_Lab2.c: 122: TRISC7 = 0;
    73  07FD  1387               	bcf	7,7
    74                           ;GPIO_Lab2.c: 123: }
    75  07FE  1283               	bcf	3,5
    76  07FF  0008               	return	;W free
    77                           
    78                           	psect	text2
    79  07BD                     _Get_Inputs
    80                           ;GPIO_Lab2.c: 131: void Get_Inputs(void)
    81  07BD  0183               	clrf	3	;select bank 0
    82  07BE  0008               	return	;W free
    83                           
    84                           	psect	text3
    85  07BF                     _Decide
    86                           ;GPIO_Lab2.c: 143: void Decide(void)
    87  07BF  0183               	clrf	3	;select bank 0
    88  07C0  0008               	return	;W free
    89                           
    90                           	psect	text4
    91  07C5                     _Do_Outputs
    92                           ;GPIO_Lab2.c: 155: void Do_Outputs(void)
    93  07C5  0183               	clrf	3	;select bank 0
    94  07C6  3001               	movlw	1
    95  07C7  0687               	xorwf	7
    96                           ;GPIO_Lab2.c: 158: RC1 ^= 1;
    97  07C8  3002               	movlw	2
    98  07C9  0687               	xorwf	7
    99                           ;GPIO_Lab2.c: 159: RC2 ^= 1;
   100  07CA  3004               	movlw	4
   101  07CB  0687               	xorwf	7
   102                           ;GPIO_Lab2.c: 160: RC3 ^= 1;
   103  07CC  3008               	movlw	8
   104  07CD  0687               	xorwf	7
   105                           ;GPIO_Lab2.c: 161: RC4 ^= 1;
   106  07CE  3010               	movlw	16
   107  07CF  0687               	xorwf	7
   108                           ;GPIO_Lab2.c: 162: RC5 ^= 1;
   109  07D0  3020               	movlw	32
   110  07D1  0687               	xorwf	7
   111                           ;GPIO_Lab2.c: 163: RC6 ^= 1;
   112  07D2  3040               	movlw	64
   113  07D3  0687               	xorwf	7
   114                           ;GPIO_Lab2.c: 164: RC7 ^= 1;
   115  07D4  3080               	movlw	128
   116  07D5  0687               	xorwf	7
   117                           ;GPIO_Lab2.c: 165: }
   118  07D6  0008               	return	;W free
   119                           
   120                           	psect	text5
   121  07D7                     _Timing
   122                           ;	_delay_var2 assigned to ?a_Timing+0
   123  0000                     _Timing$delay_var2	set	?a_Timing
   124                           ;	_delay_var1 assigned to ?a_Timing+1
   125  0000                     _Timing$delay_var1	set	?a_Timing+1
   126                           ;GPIO_Lab2.c: 173: void Timing(void)
   127  07D7  3003               	movlw	3
   128  07D8  0183               	clrf	3	;select bank 0
   129  07D9  00A1               	movwf	?a_Timing+1
   130  07DA  30B2               	movlw	178
   131  07DB  00A2               	movwf	?a_Timing+2
   132                           ;GPIO_Lab2.c: 179: unsigned char delay_var2 = 3
      +                          ;
   133  07DC  3003               	movlw	3
   134  07DD  00A0               	movwf	?a_Timing
   135                           ;GPIO_Lab2.c: 182: while(--delay_var2)
   136  07DE  2FE7               	goto	l10
   137                           ;GPIO_Lab2.c: 183: {
   138  07DF                     l13
   139  07DF  30FF               	movlw	-1
   140  07E0  07A1               	addwf	?a_Timing+1
   141  07E1  1C03               	btfss	3,0
   142  07E2  03A2               	decf	?a_Timing+2
   143  07E3  0822               	movf	?a_Timing+2,w
   144  07E4  0421               	iorwf	?a_Timing+1,w
   145  07E5  1D03               	btfss	3,2
   146  07E6  2FDF               	goto	l13
   147  07E7                     l10
   148  07E7  0BA0               	decfsz	?a_Timing
   149  07E8  2FDF               	goto	l13
   150  07E9  0008               	return
   151                           
   152                           	psect	text6
   153  0000                     
   154  0000                     
   155  0000                     
   156  0000                     
   157  0000                     
   158  0000                     
   159  0000                     
   160  0000                     
   161  0000                     
   162  0000                     
   163  0000                     
   164  0000                     
   165  0000                     
   166  0000                     
   167  0000                     
   168  0000                     
   169  0000                     
   170  0000                     
   171  0000                     
   172  0000                     
   173  0000                     
   174  0000                     
   175  0000                     
   176  0000                     
   177  0000                     
   178  0000                     
   179  0000                     
   180  0000                     
   181  0000                     
   182  0000                     
   183  0000                     
   184  0000                     
   185  0000                     
   186  0000                     
   187  0000                     
   188  0000                     
   189  0000                     
   190  0000                     
   191  0000                     
   192  0000                     
   193  0000                     
   194  0000                     
   195  0000                     
   196  0000                     
   197  0000                     
   198  0000                     
   199  0000                     
   200  0000                     
   201  0000                     
   202  0000                     
   203  0000                     
   204  0000                     
   205  0000                     
   206  0000                     
   207  0000                     
   208  0000                     
   209  0000                     
   210  0000                     
   211  0000                     
   212  0000                     
   213  0000                     
   214  0000                     
   215  0000                     
   216  0000                     
   217  0000                     
   218  0000                     
   219  0000                     
   220  0000                     
   221  0000                     
   222  0000                     
   223  0000                     
   224  0000                     
   225  0000                     
   226  0000                     
   227  0000                     
   228  0000                     
   229  0000                     
   230  0000                     
   231  0000                     
   232  0000                     
   233  0000                     
   234  0000                     
   235  0000                     
   236  0000                     
   237  0000                     
   238  0000                     
   239  0000                     
   240  0000                     
   241  0000                     
   242  0000                     
   243  0000                     
   244  0000                     
   245  0000                     
   246  0000                     
   247  0000                     
   248  0000                     
   249  0000                     
   250  0000                     
   251  0000                     
   252  0000                     
   253  0000                     
   254  0000                     
   255  0000                     
   256  0000                     
   257  0000                     
   258  0000                     
   259  0000                     
   260  0000                     
   261  0000                     
   262  0000                     
   263  0000                     
   264  0000                     
   265  0000                     
   266  0000                     
   267  0000                     
   268  0000                     
   269  0000                     
   270  0000                     
   271  0000                     
   272  0000                     
   273  0000                     
   274  0000                     
   275  0000                     
   276  0000                     
   277  0000                     
   278  0000                     
   279  0000                     
   280  0000                     
   281  0000                     
   282  0000                     
   283  0000                     
   284  0000                     
   285  0000                     
   286  0000                     
   287  0000                     
   288  0000                     
   289  0000                     
   290  0000                     
   291  0000                     
   292  0000                     
   293  0000                     
   294  0000                     
   295  0000                     
   296  0000                     
   297  0000                     
   298  0000                     
   299  0000                     
   300  0000                     
   301  0000                     
   302  0000                     
   303  0000                     
   304  0000                     
   305  0000                     
   306  0000                     
   307  0000                     
   308  0000                     
   309  0000                     
   310  0000                     
   311  0000                     
   312  0000                     
   313  0000                     
   314  0000                     
   315  0000                     
   316  0000                     
   317  0000                     
   318  0000                     
   319  0000                     
   320  0000                     
   321  0000                     
   322  0000                     
   323  0000                     
   324  0000                     
   325  0000                     
   326  0000                     
   327  0000                     
   328  0000                     
   329  0000                     
   330  0000                     
   331  0000                     
   332  0000                     
   333  0000                     
   334  0000                     
   335  0000                     
   336  0000                     
   337  0000                     
   338  0000                     
   339  0000                     
   340  0000                     
   341  0000                     
   342  0000                     
   343  0000                     
   344  0000                     
   345  0000                     
   346  0000                     
   347  0000                     
   348  0000                     
   349  0000                     
   350  0000                     
   351  0000                     
   352  0000                     
   353  0000                     
   354  0000                     
   355  0000                     
   356  0000                     
   357  0000                     
   358  0000                     
   359  0000                     
   360  0000                     
   361  0000                     
   362  0000                     
   363  0000                     
   364  0000                     
   365  0000                     
   366  0000                     
   367  0000                     
   368  0000                     
   369  0000                     
   370  0000                     
   371  0000                     
   372  0000                     
   373  0000                     
   374  0000                     
   375  0000                     
   376  0000                     
   377  0000                     
   378  0000                     
   379  0000                     
   380  0000                     
   381  0000                     
   382  0000                     
   383  0000                     
   384  0000                     
   385  0000                     
   386  0000                     
   387  0000                     
   388  0000                     
   389  0000                     
   390  0000                     
   391  0000                     
   392  0000                     
   393  0000                     
   394  0000                     
   395  0000                     
   396  0000                     
   397  0000                     
   398  0000                     
   399  0000                     
   400  0000                     
   401  0000                     
   402  0000                     
   403  0000                     
   404  0000                     
   405  0000                     
   406  0000                     
   407  0000                     
   408  0000                     
   409  0000                     
   410  0000                     
   411  0000                     
   412  0000                     
   413  0000                     
   414  0000                     
   415  0000                     
   416  0000                     
   417  0000                     
   418  0000                     
   419  0000                     
   420  0000                     
   421  0000                     
   422  0000                     
   423  0000                     
   424  0000                     
   425  0000                     
   426  0000                     
   427  0000                     
   428  0000                     
   429  0000                     
   430  0000                     
   431  0000                     
   432  0000                     
   433  0000                     
   434  0000                     
   435  0000                     
   436  0000                     
   437  0000                     
   438  0000                     
   439  0000                     
   440  0000                     
   441  0000                     
   442  0000                     
   443  0000                     
   444  0000                     
   445  0000                     
   446  0000                     
   447  0000                     
   448  0000                     
   449  0000                     
   450  0000                     
   451  0000                     
   452  0000                     
   453  0000                     
   454  0000                     
   455  0000                     
   456  0000                     
   457  0000                     
   458  0000                     
   459  0000                     
   460  0000                     
   461  0000                     
   462  0000                     
   463  0000                     
   464  0000                     
   465  0000                     
   466  0000                     
   467  0000                     
   468  0000                     
   469  0000                     
   470  0000                     
   471  0000                     
   472  0000                     
   473  0000                     
   474  0000                     
   475  0000                     
   476  0000                     
   477  0000                     
   478  0000                     
   479  0000                     
   480  0000                     
   481  0000                     
   482  0000                     
   483  0000                     
   484  0000                     
   485  0000                     
   486  0000                     
   487  0000                     
   488  0000                     
   489  0000                     
   490  0000                     
   491  0000                     
   492  0000                     
   493  0000                     
   494  0000                     
   495  0000                     
   496  0000                     
   497  0000                     
   498  0000                     
   499  0000                     
   500  0000                     
   501  0000                     
   502  0000                     
   503  0000                     
   504  0000                     


HI-TECH Software PICC Macro Assembler V9.60PL2
Symbol Table                                          Mon Feb 09 13:00:26 2009

       _Initialize 07EA                  l3 07C2                 l10 07E7  
         ?a_Timing 0020                 l13 07DF             _Decide 07BF  
           _Timing 07D7               _main 07C1               start 0000  
       _Do_Outputs 07C5         _Get_Inputs 07BD              status 0003  
